                                      1 ;--------------------------------------------------------
                                      2 ; File Created by SDCC : free open source ISO C Compiler
                                      3 ; Version 4.6.0 #16555 (MINGW64)
                                      4 ;--------------------------------------------------------
                                      5 	.module bios
                                      6 	
                                      7 	.optsdcc -mz80 sdcccall(1)
                                      8 ;--------------------------------------------------------
                                      9 ; Public variables in this module
                                     10 ;--------------------------------------------------------
                                     11 	.globl _Sys_GetPageSlot
                                     12 	.globl _DOS_TPAUpperAddr
                                     13 	.globl _g_SLTSL
                                     14 	.globl _g_GRPACY
                                     15 	.globl _g_GRPACX
                                     16 	.globl _g_LOGOPR
                                     17 	.globl _g_CMASK
                                     18 	.globl _g_CLOC
                                     19 	.globl _g_FNKSTR
                                     20 	.globl _g_GETPNT
                                     21 	.globl _g_PUTPNT
                                     22 	.globl _g_ATRBYT
                                     23 	.globl _g_BDRCLR
                                     24 	.globl _g_BAKCLR
                                     25 	.globl _g_FORCLR
                                     26 	.globl _g_CSRX
                                     27 	.globl _g_CSRY
                                     28 	.globl _g_CLIKSW
                                     29 	.globl _g_MLTPAT
                                     30 	.globl _g_MLTATR
                                     31 	.globl _g_MLTCGP
                                     32 	.globl _g_MLTCOL
                                     33 	.globl _g_MLTNAM
                                     34 	.globl _g_GRPPAT
                                     35 	.globl _g_GRPATR
                                     36 	.globl _g_GRPCGP
                                     37 	.globl _g_GRPCOL
                                     38 	.globl _g_GRPNAM
                                     39 	.globl _g_T32PAT
                                     40 	.globl _g_T32ATR
                                     41 	.globl _g_T32CGP
                                     42 	.globl _g_T32COL
                                     43 	.globl _g_T32NAM
                                     44 	.globl _g_TXTPAT
                                     45 	.globl _g_TXTATR
                                     46 	.globl _g_TXTCGP
                                     47 	.globl _g_TXTCOL
                                     48 	.globl _g_TXTNAM
                                     49 	.globl _g_CLMLST
                                     50 	.globl _g_CRTCNT
                                     51 	.globl _g_LINLEN
                                     52 	.globl _g_LINL32
                                     53 	.globl _g_LINL40
                                     54 	.globl _g_BDOS
                                     55 	.globl _g_MASTER
                                     56 	.globl _g_RAMAD3
                                     57 	.globl _g_RAMAD2
                                     58 	.globl _g_RAMAD1
                                     59 	.globl _g_RAMAD0
                                     60 	.globl _g_BREAKV
                                     61 	.globl _g_DISKVE
                                     62 	.globl _g_KANJTABLE
                                     63 	.globl _g_STRSRC
                                     64 	.globl _g_SUBRID
                                     65 	.globl _g_CHAR_16
                                     66 	.globl _g_MSXMID
                                     67 	.globl _g_MSXVER
                                     68 	.globl _g_ROMVersion
                                     69 	.globl _g_BASRVN
                                     70 	.globl _g_VDP_DW
                                     71 	.globl _g_VDP_DR
                                     72 	.globl _g_CGTABL
                                     73 	.globl _g_SVFFFD
                                     74 	.globl _g_RG27SAV
                                     75 	.globl _g_RG26SAV
                                     76 	.globl _g_RG25SAV
                                     77 	.globl _g_SVFFF8
                                     78 	.globl _g_MINROM
                                     79 	.globl _g_RG23SAV
                                     80 	.globl _g_RG22SAV
                                     81 	.globl _g_RG21SAV
                                     82 	.globl _g_RG20SAV
                                     83 	.globl _g_RG19SAV
                                     84 	.globl _g_RG18SAV
                                     85 	.globl _g_RG17SAV
                                     86 	.globl _g_RG16SAV
                                     87 	.globl _g_RG15SAV
                                     88 	.globl _g_RG14SAV
                                     89 	.globl _g_RG13SAV
                                     90 	.globl _g_RG12SAV
                                     91 	.globl _g_RG11SAV
                                     92 	.globl _g_RG10SAV
                                     93 	.globl _g_RG09SAV
                                     94 	.globl _g_RG08SAV
                                     95 	.globl _g_PROCNM
                                     96 	.globl _g_SLTWRK
                                     97 	.globl _g_SLTATR
                                     98 	.globl _g_SLTTBL
                                     99 	.globl _g_EXPTBL
                                    100 	.globl _g_MNROM
                                    101 	.globl _g_DRWANG
                                    102 	.globl _g_DRWSCL
                                    103 	.globl _g_DRWFLG
                                    104 	.globl _g_GYPOS
                                    105 	.globl _g_GXPOS
                                    106 	.globl _g_BRDATR
                                    107 	.globl _g_CASPRV
                                    108 	.globl _g_OLDSCR
                                    109 	.globl _g_SCRMOD
                                    110 	.globl _g_FLBMEM
                                    111 	.globl _g_KANAMD
                                    112 	.globl _g_KANAST
                                    113 	.globl _g_CAPST
                                    114 	.globl _g_CSTYLE
                                    115 	.globl _g_CSRSW
                                    116 	.globl _g_INSFLG
                                    117 	.globl _g_ESCCNT
                                    118 	.globl _g_GRPHED
                                    119 	.globl _g_WINWID
                                    120 	.globl _g_LOWLIM
                                    121 	.globl _g_INTCNT
                                    122 	.globl _g_INTVAL
                                    123 	.globl _g_JIFFY
                                    124 	.globl _g_PADX
                                    125 	.globl _g_PADY
                                    126 	.globl _g_INTFLG
                                    127 	.globl _g_RTYCNT
                                    128 	.globl _g_TRPTBL
                                    129 	.globl _g_HIMEM
                                    130 	.globl _g_BOTTOM
                                    131 	.globl _g_PATWRK
                                    132 	.globl _g_LINWRK
                                    133 	.globl _g_KEYBUF
                                    134 	.globl _g_NEWKEY
                                    135 	.globl _g_OLDKEY
                                    136 	.globl _g_CLIKFL
                                    137 	.globl _g_ONGSBF
                                    138 	.globl _g_FNKFLG
                                    139 	.globl _g_FNKSWI
                                    140 	.globl _g_CODSAV
                                    141 	.globl _g_FSTPOS
                                    142 	.globl _g_LINTTB
                                    143 	.globl _g_BASROM
                                    144 	.globl _g_ENSTOP
                                    145 	.globl _g_VCBC
                                    146 	.globl _g_VCBB
                                    147 	.globl _g_VCBA
                                    148 	.globl _g_PLYCNT
                                    149 	.globl _g_MUSICF
                                    150 	.globl _g_QUEUEN
                                    151 	.globl _g_MCLPTR
                                    152 	.globl _g_MCLLEN
                                    153 	.globl _g_SAVVOL
                                    154 	.globl _g_VOICEN
                                    155 	.globl _g_SAVSP
                                    156 	.globl _g_PRSCNT
                                    157 	.globl _g_LSTMOD
                                    158 	.globl _g_LSTCOM
                                    159 	.globl _g_COMMSK
                                    160 	.globl _g_ESTBLS
                                    161 	.globl _g_FLAGS
                                    162 	.globl _g_ERRORS
                                    163 	.globl _g_DATCNT
                                    164 	.globl _g_DEVNUM
                                    165 	.globl _g_OLDINT
                                    166 	.globl _g_OLDSTT
                                    167 	.globl _g_MEXBIh
                                    168 	.globl _g_RSIQLN
                                    169 	.globl _g_RSFCB
                                    170 	.globl _g_TOCNT
                                    171 	.globl _g_RSTMP
                                    172 	.globl _g_YSAVE
                                    173 	.globl _g_XSAVE
                                    174 	.globl _g_NORUSE
                                    175 	.globl _g_MODE
                                    176 	.globl _g_ROMA
                                    177 	.globl _g_CHRCNT
                                    178 	.globl _g_EXBRSA
                                    179 	.globl _g_AVCSAV
                                    180 	.globl _g_ACPAGE
                                    181 	.globl _g_DPPAGE
                                    182 	.globl _g_RS2IQ
                                    183 	.globl _g_VOICCQ
                                    184 	.globl _g_VOICBQ
                                    185 	.globl _g_VOICAQ
                                    186 	.globl _g_QUEBAK
                                    187 	.globl _g_QUETAB
                                    188 	.globl _g_ASPCT2
                                    189 	.globl _g_ASPCT1
                                    190 	.globl _g_HEADER
                                    191 	.globl _g_HIGH
                                    192 	.globl _g_LOW
                                    193 	.globl _g_CS240
                                    194 	.globl _g_CS120
                                    195 	.globl _g_REPCNT
                                    196 	.globl _g_SCNCNT
                                    197 	.globl _g_FRCNEW
                                    198 	.globl _g_QUEUES
                                    199 	.globl _g_MINUPD
                                    200 	.globl _g_MAXUPD
                                    201 	.globl _g_TRGFLG
                                    202 	.globl _g_STATFL
                                    203 	.globl _g_RG7SAV
                                    204 	.globl _g_RG6SAV
                                    205 	.globl _g_RG5SAV
                                    206 	.globl _g_RG4SAV
                                    207 	.globl _g_RG3SAV
                                    208 	.globl _g_RG2SAV
                                    209 	.globl _g_RG1SAV
                                    210 	.globl _g_RG0SAV
                                    211 	.globl _g_CNSDFG
                                    212 	.globl _g_USRTAB
                                    213 	.globl _g_CLPRIM
                                    214 	.globl _g_WRPRIM
                                    215 	.globl _g_RDPRIM
                                    216 	.globl _BIOS_Exit
                                    217 	.globl _BIOS_SetHookCallback
                                    218 	.globl _BIOS_InterSlotRead
                                    219 	.globl _BIOS_InterSlotWrite
                                    220 	.globl _BIOS_InterSlotCall
                                    221 	.globl _BIOS_SwitchSlot
                                    222 	.globl _BIOS_WriteVDP
                                    223 	.globl _BIOS_WriteVRAM
                                    224 	.globl _BIOS_FillVRAM
                                    225 	.globl _BIOS_CopyFromVRAM
                                    226 	.globl _BIOS_CopyToVRAM
                                    227 	.globl _BIOS_InitScreen3Ex
                                    228 	.globl _BIOS_GetSpritePatternAddress
                                    229 	.globl _BIOS_GetSpriteAttributeAddress
                                    230 	.globl _BIOS_WritePSG
                                    231 	.globl _BIOS_PlayPSG
                                    232 	.globl _BIOS_HasCharacter
                                    233 	.globl _BIOS_ClearScreen
                                    234 	.globl _BIOS_TextSetCursor
                                    235 ;--------------------------------------------------------
                                    236 ; special function registers
                                    237 ;--------------------------------------------------------
                         000000A0   238 _g_PSG_RegPort	=	0x00a0
                         000000A1   239 _g_PSG_DataPort	=	0x00a1
                         000000A2   240 _g_PSG_StatPort	=	0x00a2
                         00000010   241 _g_PSG_Ext_RegPort	=	0x0010
                         00000011   242 _g_PSG_Ext_DataPort	=	0x0011
                         00000012   243 _g_PSG_Ext_StatPort	=	0x0012
                         00000090   244 _g_Printer_ControlPort	=	0x0090
                         00000091   245 _g_Printer_DataPort	=	0x0091
                         0000007C   246 _g_MSXMusic_IndexPort	=	0x007c
                         0000007D   247 _g_MSXMusic_DataPort	=	0x007d
                         00000098   248 _g_VDP_DataPort	=	0x0098
                         00000099   249 _g_VDP_RegPort	=	0x0099
                         00000099   250 _g_VDP_AddrPort	=	0x0099
                         00000099   251 _g_VDP_StatPort	=	0x0099
                         0000009A   252 _g_VDP_PalPort	=	0x009a
                         0000009B   253 _g_VDP_IRegPort	=	0x009b
                         000000A8   254 _g_PortPrimarySlot	=	0x00a8
                         000000A9   255 _g_PortReadKeyboard	=	0x00a9
                         000000AA   256 _g_PortAccessKeyboard	=	0x00aa
                         000000AB   257 _g_PortControl	=	0x00ab
                         000000B4   258 _g_RTC_AddrPort	=	0x00b4
                         000000B5   259 _g_RTC_DataPort	=	0x00b5
                         000000C0   260 _g_MSXAudio_IndexPort	=	0x00c0
                         000000C1   261 _g_MSXAudio_DataPort	=	0x00c1
                         000000C2   262 _g_MSXAudio_IndexPort2	=	0x00c2
                         000000C3   263 _g_MSXAudio_DataPort2	=	0x00c3
                         000000D8   264 _g_Kanji_Level1LowPort	=	0x00d8
                         000000D9   265 _g_Kanji_Level1HighPort	=	0x00d9
                         000000DA   266 _g_Kanji_Level2LowPort	=	0x00da
                         000000DB   267 _g_Kanji_Level2HighPort	=	0x00db
                                    268 ;--------------------------------------------------------
                                    269 ; ram data
                                    270 ;--------------------------------------------------------
                                    271 	.area _DATA
                         0000F3AE   272 _g_LINL40	=	0xf3ae
                         0000F3AF   273 _g_LINL32	=	0xf3af
                         0000F3B0   274 _g_LINLEN	=	0xf3b0
                         0000F3B1   275 _g_CRTCNT	=	0xf3b1
                         0000F3B2   276 _g_CLMLST	=	0xf3b2
                         0000F3B3   277 _g_TXTNAM	=	0xf3b3
                         0000F3B5   278 _g_TXTCOL	=	0xf3b5
                         0000F3B7   279 _g_TXTCGP	=	0xf3b7
                         0000F3B9   280 _g_TXTATR	=	0xf3b9
                         0000F3BB   281 _g_TXTPAT	=	0xf3bb
                         0000F3BD   282 _g_T32NAM	=	0xf3bd
                         0000F3BF   283 _g_T32COL	=	0xf3bf
                         0000F3C1   284 _g_T32CGP	=	0xf3c1
                         0000F3C3   285 _g_T32ATR	=	0xf3c3
                         0000F3C5   286 _g_T32PAT	=	0xf3c5
                         0000F3C7   287 _g_GRPNAM	=	0xf3c7
                         0000F3C9   288 _g_GRPCOL	=	0xf3c9
                         0000F3CB   289 _g_GRPCGP	=	0xf3cb
                         0000F3CD   290 _g_GRPATR	=	0xf3cd
                         0000F3CF   291 _g_GRPPAT	=	0xf3cf
                         0000F3D1   292 _g_MLTNAM	=	0xf3d1
                         0000F3D3   293 _g_MLTCOL	=	0xf3d3
                         0000F3D5   294 _g_MLTCGP	=	0xf3d5
                         0000F3D7   295 _g_MLTATR	=	0xf3d7
                         0000F3D9   296 _g_MLTPAT	=	0xf3d9
                         0000F3DB   297 _g_CLIKSW	=	0xf3db
                         0000F3DC   298 _g_CSRY	=	0xf3dc
                         0000F3DD   299 _g_CSRX	=	0xf3dd
                         0000F3E9   300 _g_FORCLR	=	0xf3e9
                         0000F3EA   301 _g_BAKCLR	=	0xf3ea
                         0000F3EB   302 _g_BDRCLR	=	0xf3eb
                         0000F3F2   303 _g_ATRBYT	=	0xf3f2
                         0000F3F8   304 _g_PUTPNT	=	0xf3f8
                         0000F3FA   305 _g_GETPNT	=	0xf3fa
                         0000F87F   306 _g_FNKSTR	=	0xf87f
                         0000F92A   307 _g_CLOC	=	0xf92a
                         0000F92C   308 _g_CMASK	=	0xf92c
                         0000FB02   309 _g_LOGOPR	=	0xfb02
                         0000FCB7   310 _g_GRPACX	=	0xfcb7
                         0000FCB9   311 _g_GRPACY	=	0xfcb9
                         0000FFFF   312 _g_SLTSL	=	0xffff
                         00000006   313 _DOS_TPAUpperAddr	=	0x0006
                                    314 ;--------------------------------------------------------
                                    315 ; ram data
                                    316 ;--------------------------------------------------------
                                    317 	.area _INITIALIZED
                                    318 ;--------------------------------------------------------
                                    319 ; absolute ram data
                                    320 ;--------------------------------------------------------
                                    321 	.area _DABS (ABS)
                                    322 	.area _DABS (ABS)
                                    323 ;--------------------------------------------------------
                                    324 ; global & static initialisations
                                    325 ;--------------------------------------------------------
                                    326 	.area _HOME
                                    327 	.area _GSINIT
                                    328 	.area _GSFINAL
                                    329 	.area _GSINIT
                                    330 ;--------------------------------------------------------
                                    331 ; Home
                                    332 ;--------------------------------------------------------
                                    333 	.area _HOME
                                    334 	.area _HOME
                                    335 ;--------------------------------------------------------
                                    336 ; code
                                    337 ;--------------------------------------------------------
                                    338 	.area _CODE
                                    339 ;C:\Users\Jummy\Downloads\MSXgl-1.5.0b\engine/src/bios.c:29: void BIOS_Exit(u8 ret)
                                    340 ;	---------------------------------
                                    341 ; Function BIOS_Exit
                                    342 ; ---------------------------------
    00000000                        343 _BIOS_Exit::
                                    344 ;C:\Users\Jummy\Downloads\MSXgl-1.5.0b\engine/src/bios.c:54: __endasm;
    00000000 F5               [11]  345 	push af
    00000001 3E 02            [ 7]  346 	ld a, #2
    00000003 DD 21 5F 00      [14]  347 	ld ix, #0x005F
    00000007 FD 2A C0 FC      [20]  348 	ld iy, (0xFCC1 -1)
    0000000B CD 1C 00         [17]  349 	call 0x001C
    0000000E DD 21 D2 00      [14]  350 	ld ix, #0x00D2
    00000012 FD 2A C0 FC      [20]  351 	ld iy, (0xFCC1 -1)
    00000016 CD 1C 00         [17]  352 	call 0x001C
    00000019 F1               [10]  353 	pop af
    0000001A 47               [ 4]  354 	ld b, a
    0000001B 0E 62            [ 7]  355 	ld c, #0x62
    0000001D CD 05 00         [17]  356 	call 0x0005
    00000020 0E 00            [ 7]  357 	ld c, #0x00
    00000022 C3 05 00         [10]  358 	jp 0x0005
                                    359 ;C:\Users\Jummy\Downloads\MSXgl-1.5.0b\engine/src/bios.c:78: }
    00000025 C9               [10]  360 	ret
                         0000F380   361 _g_RDPRIM	=	0xf380
                         0000F385   362 _g_WRPRIM	=	0xf385
                         0000F38C   363 _g_CLPRIM	=	0xf38c
                         0000F39A   364 _g_USRTAB	=	0xf39a
                         0000F3DE   365 _g_CNSDFG	=	0xf3de
                         0000F3DF   366 _g_RG0SAV	=	0xf3df
                         0000F3E0   367 _g_RG1SAV	=	0xf3e0
                         0000F3E1   368 _g_RG2SAV	=	0xf3e1
                         0000F3E2   369 _g_RG3SAV	=	0xf3e2
                         0000F3E3   370 _g_RG4SAV	=	0xf3e3
                         0000F3E4   371 _g_RG5SAV	=	0xf3e4
                         0000F3E5   372 _g_RG6SAV	=	0xf3e5
                         0000F3E6   373 _g_RG7SAV	=	0xf3e6
                         0000F3E7   374 _g_STATFL	=	0xf3e7
                         0000F3E8   375 _g_TRGFLG	=	0xf3e8
                         0000F3EC   376 _g_MAXUPD	=	0xf3ec
                         0000F3EF   377 _g_MINUPD	=	0xf3ef
                         0000F3F3   378 _g_QUEUES	=	0xf3f3
                         0000F3F5   379 _g_FRCNEW	=	0xf3f5
                         0000F3F6   380 _g_SCNCNT	=	0xf3f6
                         0000F3F7   381 _g_REPCNT	=	0xf3f7
                         0000F3FC   382 _g_CS120	=	0xf3fc
                         0000F401   383 _g_CS240	=	0xf401
                         0000F406   384 _g_LOW	=	0xf406
                         0000F408   385 _g_HIGH	=	0xf408
                         0000F40A   386 _g_HEADER	=	0xf40a
                         0000F40B   387 _g_ASPCT1	=	0xf40b
                         0000F40D   388 _g_ASPCT2	=	0xf40d
                         0000F959   389 _g_QUETAB	=	0xf959
                         0000F971   390 _g_QUEBAK	=	0xf971
                         0000F975   391 _g_VOICAQ	=	0xf975
                         0000F9F5   392 _g_VOICBQ	=	0xf9f5
                         0000FA75   393 _g_VOICCQ	=	0xfa75
                         0000FAF5   394 _g_RS2IQ	=	0xfaf5
                         0000FAF5   395 _g_DPPAGE	=	0xfaf5
                         0000FAF6   396 _g_ACPAGE	=	0xfaf6
                         0000FAF7   397 _g_AVCSAV	=	0xfaf7
                         0000FAF8   398 _g_EXBRSA	=	0xfaf8
                         0000FAF9   399 _g_CHRCNT	=	0xfaf9
                         0000FAFA   400 _g_ROMA	=	0xfafa
                         0000FAFC   401 _g_MODE	=	0xfafc
                         0000FAFD   402 _g_NORUSE	=	0xfafd
                         0000FAFE   403 _g_XSAVE	=	0xfafe
                         0000FB00   404 _g_YSAVE	=	0xfb00
                         0000FB03   405 _g_RSTMP	=	0xfb03
                         0000FB03   406 _g_TOCNT	=	0xfb03
                         0000FB04   407 _g_RSFCB	=	0xfb04
                         0000FB06   408 _g_RSIQLN	=	0xfb06
                         0000FB07   409 _g_MEXBIh	=	0xfb07
                         0000FB0C   410 _g_OLDSTT	=	0xfb0c
                         0000FB0C   411 _g_OLDINT	=	0xfb0c
                         0000FB16   412 _g_DEVNUM	=	0xfb16
                         0000FB17   413 _g_DATCNT	=	0xfb17
                         0000FB1A   414 _g_ERRORS	=	0xfb1a
                         0000FB1B   415 _g_FLAGS	=	0xfb1b
                         0000FB1C   416 _g_ESTBLS	=	0xfb1c
                         0000FB1D   417 _g_COMMSK	=	0xfb1d
                         0000FB1E   418 _g_LSTCOM	=	0xfb1e
                         0000FB1F   419 _g_LSTMOD	=	0xfb1f
                         0000FB35   420 _g_PRSCNT	=	0xfb35
                         0000FB36   421 _g_SAVSP	=	0xfb36
                         0000FB38   422 _g_VOICEN	=	0xfb38
                         0000FB39   423 _g_SAVVOL	=	0xfb39
                         0000FB3B   424 _g_MCLLEN	=	0xfb3b
                         0000FB3C   425 _g_MCLPTR	=	0xfb3c
                         0000FB3E   426 _g_QUEUEN	=	0xfb3e
                         0000FB3F   427 _g_MUSICF	=	0xfb3f
                         0000FB40   428 _g_PLYCNT	=	0xfb40
                         0000FB41   429 _g_VCBA	=	0xfb41
                         0000FB66   430 _g_VCBB	=	0xfb66
                         0000FB8B   431 _g_VCBC	=	0xfb8b
                         0000FBB0   432 _g_ENSTOP	=	0xfbb0
                         0000FBB1   433 _g_BASROM	=	0xfbb1
                         0000FBB2   434 _g_LINTTB	=	0xfbb2
                         0000FBCA   435 _g_FSTPOS	=	0xfbca
                         0000FBCC   436 _g_CODSAV	=	0xfbcc
                         0000FBCD   437 _g_FNKSWI	=	0xfbcd
                         0000FBCE   438 _g_FNKFLG	=	0xfbce
                         0000FBD8   439 _g_ONGSBF	=	0xfbd8
                         0000FBD9   440 _g_CLIKFL	=	0xfbd9
                         0000FBDA   441 _g_OLDKEY	=	0xfbda
                         0000FBE5   442 _g_NEWKEY	=	0xfbe5
                         0000FBF0   443 _g_KEYBUF	=	0xfbf0
                         0000FC18   444 _g_LINWRK	=	0xfc18
                         0000FC40   445 _g_PATWRK	=	0xfc40
                         0000FC48   446 _g_BOTTOM	=	0xfc48
                         0000FC4A   447 _g_HIMEM	=	0xfc4a
                         0000FC4C   448 _g_TRPTBL	=	0xfc4c
                         0000FC9A   449 _g_RTYCNT	=	0xfc9a
                         0000FC9B   450 _g_INTFLG	=	0xfc9b
                         0000FC9C   451 _g_PADY	=	0xfc9c
                         0000FC9D   452 _g_PADX	=	0xfc9d
                         0000FC9E   453 _g_JIFFY	=	0xfc9e
                         0000FCA0   454 _g_INTVAL	=	0xfca0
                         0000FCA2   455 _g_INTCNT	=	0xfca2
                         0000FCA4   456 _g_LOWLIM	=	0xfca4
                         0000FCA5   457 _g_WINWID	=	0xfca5
                         0000FCA6   458 _g_GRPHED	=	0xfca6
                         0000FCA7   459 _g_ESCCNT	=	0xfca7
                         0000FCA8   460 _g_INSFLG	=	0xfca8
                         0000FCA9   461 _g_CSRSW	=	0xfca9
                         0000FCAA   462 _g_CSTYLE	=	0xfcaa
                         0000FCAB   463 _g_CAPST	=	0xfcab
                         0000FCAC   464 _g_KANAST	=	0xfcac
                         0000FCAD   465 _g_KANAMD	=	0xfcad
                         0000FCAE   466 _g_FLBMEM	=	0xfcae
                         0000FCAF   467 _g_SCRMOD	=	0xfcaf
                         0000FCB0   468 _g_OLDSCR	=	0xfcb0
                         0000FCB1   469 _g_CASPRV	=	0xfcb1
                         0000FCB2   470 _g_BRDATR	=	0xfcb2
                         0000FCB3   471 _g_GXPOS	=	0xfcb3
                         0000FCB5   472 _g_GYPOS	=	0xfcb5
                         0000FCBB   473 _g_DRWFLG	=	0xfcbb
                         0000FCBC   474 _g_DRWSCL	=	0xfcbc
                         0000FCBD   475 _g_DRWANG	=	0xfcbd
                         0000FCC1   476 _g_MNROM	=	0xfcc1
                         0000FCC1   477 _g_EXPTBL	=	0xfcc1
                         0000FCC5   478 _g_SLTTBL	=	0xfcc5
                         0000FCC9   479 _g_SLTATR	=	0xfcc9
                         0000FD09   480 _g_SLTWRK	=	0xfd09
                         0000FD89   481 _g_PROCNM	=	0xfd89
                         0000FFE7   482 _g_RG08SAV	=	0xffe7
                         0000FFE8   483 _g_RG09SAV	=	0xffe8
                         0000FFE9   484 _g_RG10SAV	=	0xffe9
                         0000FFEA   485 _g_RG11SAV	=	0xffea
                         0000FFEB   486 _g_RG12SAV	=	0xffeb
                         0000FFEC   487 _g_RG13SAV	=	0xffec
                         0000FFED   488 _g_RG14SAV	=	0xffed
                         0000FFEE   489 _g_RG15SAV	=	0xffee
                         0000FFEF   490 _g_RG16SAV	=	0xffef
                         0000FFF0   491 _g_RG17SAV	=	0xfff0
                         0000FFF1   492 _g_RG18SAV	=	0xfff1
                         0000FFF2   493 _g_RG19SAV	=	0xfff2
                         0000FFF3   494 _g_RG20SAV	=	0xfff3
                         0000FFF4   495 _g_RG21SAV	=	0xfff4
                         0000FFF5   496 _g_RG22SAV	=	0xfff5
                         0000FFF6   497 _g_RG23SAV	=	0xfff6
                         0000FFF7   498 _g_MINROM	=	0xfff7
                         0000FFF8   499 _g_SVFFF8	=	0xfff8
                         0000FFFA   500 _g_RG25SAV	=	0xfffa
                         0000FFFB   501 _g_RG26SAV	=	0xfffb
                         0000FFFC   502 _g_RG27SAV	=	0xfffc
                         0000FFFD   503 _g_SVFFFD	=	0xfffd
                         00000004   504 _g_CGTABL	=	0x0004
                         00000006   505 _g_VDP_DR	=	0x0006
                         00000007   506 _g_VDP_DW	=	0x0007
                         0000002B   507 _g_BASRVN	=	0x002b
                         0000002B   508 _g_ROMVersion	=	0x002b
                         0000002D   509 _g_MSXVER	=	0x002d
                         0000002E   510 _g_MSXMID	=	0x002e
                         00000034   511 _g_CHAR_16	=	0x0034
    00000026                        512 ___str_0:
    00000026 0A                     513 	.db 0x0a
    00000027 0D                     514 	.db 0x0d
    00000028 24                     515 	.ascii "$"
    00000029 00                     516 	.db 0x00
                         00000000   517 _g_SUBRID	=	0x0000
                         00000002   518 _g_STRSRC	=	0x0002
                         0000F30F   519 _g_KANJTABLE	=	0xf30f
                         0000F323   520 _g_DISKVE	=	0xf323
                         0000F325   521 _g_BREAKV	=	0xf325
                         0000F341   522 _g_RAMAD0	=	0xf341
                         0000F342   523 _g_RAMAD1	=	0xf342
                         0000F343   524 _g_RAMAD2	=	0xf343
                         0000F344   525 _g_RAMAD3	=	0xf344
                         0000F348   526 _g_MASTER	=	0xf348
                         0000F37D   527 _g_BDOS	=	0xf37d
                                    528 ;C:\Users\Jummy\Downloads\MSXgl-1.5.0b\engine/src/bios.c:83: void BIOS_SetHookCallback(u16 hook, callback cb)
                                    529 ;	---------------------------------
                                    530 ; Function BIOS_SetHookCallback
                                    531 ; ---------------------------------
    0000002A                        532 _BIOS_SetHookCallback::
    0000002A 4D               [ 4]  533 	ld	c, l
    0000002B 44               [ 4]  534 	ld	b, h
                                    535 ;C:\Users\Jummy\Downloads\MSXgl-1.5.0b\engine/src/bios.c:85: u8 slot = Sys_GetPageSlot((u16)cb >> 14);
    0000002C 7A               [ 4]  536 	ld	a, d
    0000002D 07               [ 4]  537 	rlca
    0000002E 07               [ 4]  538 	rlca
    0000002F E6 03            [ 7]  539 	and	a, #0x03
    00000031 C5               [11]  540 	push	bc
    00000032 D5               [11]  541 	push	de
    00000033 CDr00r00         [17]  542 	call	_Sys_GetPageSlot
    00000036 D1               [10]  543 	pop	de
    00000037 C1               [10]  544 	pop	bc
                                    545 ;C:\Users\Jummy\Downloads\MSXgl-1.5.0b\engine/src/bios_hook.h:58: *((u8*)hook) = 0xF7; // RST #30
    00000038 69               [ 4]  546 	ld	l, c
    00000039 60               [ 4]  547 	ld	h, b
    0000003A 36 F7            [10]  548 	ld	(hl), #0xf7
                                    549 ;C:\Users\Jummy\Downloads\MSXgl-1.5.0b\engine/src/bios_hook.h:59: *((u8*)++hook) = slot; // Slot ID
    0000003C 03               [ 6]  550 	inc	bc
    0000003D 69               [ 4]  551 	ld	l, c
    0000003E 60               [ 4]  552 	ld	h, b
    0000003F 77               [ 7]  553 	ld	(hl), a
                                    554 ;C:\Users\Jummy\Downloads\MSXgl-1.5.0b\engine/src/bios_hook.h:60: *((callback*)++hook) = cb; // Callback address
    00000040 03               [ 6]  555 	inc	bc
    00000041 60               [ 4]  556 	ld	h, b
    00000042 69               [ 4]  557 	ld	l, c
    00000043 73               [ 7]  558 	ld	(hl), e
    00000044 23               [ 6]  559 	inc	hl
    00000045 72               [ 7]  560 	ld	(hl), d
                                    561 ;C:\Users\Jummy\Downloads\MSXgl-1.5.0b\engine/src/bios.c:86: BIOS_SetHookInterSlotCallback(hook, slot, cb);
                                    562 ;C:\Users\Jummy\Downloads\MSXgl-1.5.0b\engine/src/bios.c:87: }
    00000046 C9               [10]  563 	ret
                                    564 ;C:\Users\Jummy\Downloads\MSXgl-1.5.0b\engine/src/bios.c:136: u8 BIOS_InterSlotRead(u8 slot, u16 addr) __NAKED
                                    565 ;	---------------------------------
                                    566 ; Function BIOS_InterSlotRead
                                    567 ; ---------------------------------
    00000047                        568 _BIOS_InterSlotRead::
                                    569 ;C:\Users\Jummy\Downloads\MSXgl-1.5.0b\engine/src/bios.c:146: __endasm;
    00000047 EB               [ 4]  570 	ex de, hl
    00000048 CD 0C 00         [17]  571 	call 0x000C
    0000004B FB               [ 4]  572 	ei
    0000004C C9               [10]  573 	ret
                                    574 ;C:\Users\Jummy\Downloads\MSXgl-1.5.0b\engine/src/bios.c:147: }
                                    575 ;C:\Users\Jummy\Downloads\MSXgl-1.5.0b\engine/src/bios.c:175: void BIOS_InterSlotWrite(u8 slot, u16 addr, u8 value)
                                    576 ;	---------------------------------
                                    577 ; Function BIOS_InterSlotWrite
                                    578 ; ---------------------------------
    0000004D                        579 _BIOS_InterSlotWrite::
                                    580 ;C:\Users\Jummy\Downloads\MSXgl-1.5.0b\engine/src/bios.c:192: __endasm;
    0000004D FD E5            [15]  581 	push iy
    0000004F FD 21 04 00      [14]  582 	ld iy, #4
    00000053 FD 39            [15]  583 	add iy, sp
    00000055 6B               [ 4]  584 	ld l, e
    00000056 62               [ 4]  585 	ld h, d
    00000057 FD 5E 00         [19]  586 	ld e, 0(iy)
    0000005A CD 14 00         [17]  587 	call 0x0014
    0000005D FD E1            [14]  588 	pop iy
    0000005F FB               [ 4]  589 	ei
                                    590 ;C:\Users\Jummy\Downloads\MSXgl-1.5.0b\engine/src/bios.c:193: }
    00000060 E1               [10]  591 	pop	hl
    00000061 33               [ 6]  592 	inc	sp
    00000062 E9               [ 4]  593 	jp	(hl)
                                    594 ;C:\Users\Jummy\Downloads\MSXgl-1.5.0b\engine/src/bios.c:212: void BIOS_InterSlotCall(u8 slot, u16 addr)
                                    595 ;	---------------------------------
                                    596 ; Function BIOS_InterSlotCall
                                    597 ; ---------------------------------
    00000063                        598 _BIOS_InterSlotCall::
                                    599 ;C:\Users\Jummy\Downloads\MSXgl-1.5.0b\engine/src/bios.c:231: __endasm;
    00000063 DD E5            [15]  600 	push ix
    00000065 2E 00            [ 7]  601 	ld l, #0
    00000067 67               [ 4]  602 	ld h, a
    00000068 E5               [11]  603 	push hl
    00000069 FD E1            [14]  604 	pop iy
    0000006B D5               [11]  605 	push de
    0000006C DD E1            [14]  606 	pop ix
    0000006E CD 1C 00         [17]  607 	call 0x001C
    00000071 FB               [ 4]  608 	ei
    00000072 DD E1            [14]  609 	pop ix
                                    610 ;C:\Users\Jummy\Downloads\MSXgl-1.5.0b\engine/src/bios.c:232: }
    00000074 C9               [10]  611 	ret
                                    612 ;C:\Users\Jummy\Downloads\MSXgl-1.5.0b\engine/src/bios.c:251: void BIOS_SwitchSlot(u8 page, u8 slot)
                                    613 ;	---------------------------------
                                    614 ; Function BIOS_SwitchSlot
                                    615 ; ---------------------------------
    00000075                        616 _BIOS_SwitchSlot::
                                    617 ;C:\Users\Jummy\Downloads\MSXgl-1.5.0b\engine/src/bios.c:263: __endasm;
    00000075 0F               [ 4]  618 	rrca 
    00000076 0F               [ 4]  619 	rrca 
    00000077 E6 C0            [ 7]  620 	and a, #0xC0
    00000079 44               [ 4]  621 	ld b, h
    0000007A 67               [ 4]  622 	ld h, a
    0000007B 78               [ 4]  623 	ld a, b
    0000007C CD 24 00         [17]  624 	call 0x0024
    0000007F FB               [ 4]  625 	ei
                                    626 ;C:\Users\Jummy\Downloads\MSXgl-1.5.0b\engine/src/bios.c:264: }
    00000080 C9               [10]  627 	ret
                                    628 ;C:\Users\Jummy\Downloads\MSXgl-1.5.0b\engine/src/bios.c:344: void BIOS_WriteVDP(u8 reg, u8 value)
                                    629 ;	---------------------------------
                                    630 ; Function BIOS_WriteVDP
                                    631 ; ---------------------------------
    00000081                        632 _BIOS_WriteVDP::
                                    633 ;C:\Users\Jummy\Downloads\MSXgl-1.5.0b\engine/src/bios.c:353: __endasm;
    00000081 4F               [ 4]  634 	ld c, a
    00000082 45               [ 4]  635 	ld b, l
    00000083 CD 47 00         [17]  636 	call 0x0047
                                    637 ;C:\Users\Jummy\Downloads\MSXgl-1.5.0b\engine/src/bios.c:354: }
    00000086 C9               [10]  638 	ret
                                    639 ;C:\Users\Jummy\Downloads\MSXgl-1.5.0b\engine/src/bios.c:375: void BIOS_WriteVRAM(u8 value, u16 addr)
                                    640 ;	---------------------------------
                                    641 ; Function BIOS_WriteVRAM
                                    642 ; ---------------------------------
    00000087                        643 _BIOS_WriteVRAM::
                                    644 ;C:\Users\Jummy\Downloads\MSXgl-1.5.0b\engine/src/bios.c:383: __endasm;
    00000087 EB               [ 4]  645 	ex de, hl
    00000088 CD 4D 00         [17]  646 	call 0x004D
                                    647 ;C:\Users\Jummy\Downloads\MSXgl-1.5.0b\engine/src/bios.c:384: }
    0000008B C9               [10]  648 	ret
                                    649 ;C:\Users\Jummy\Downloads\MSXgl-1.5.0b\engine/src/bios.c:416: void BIOS_FillVRAM(u16 addr, u16 length, u8 value)
                                    650 ;	---------------------------------
                                    651 ; Function BIOS_FillVRAM
                                    652 ; ---------------------------------
    0000008C                        653 _BIOS_FillVRAM::
                                    654 ;C:\Users\Jummy\Downloads\MSXgl-1.5.0b\engine/src/bios.c:430: __endasm;
    0000008C FD 21 02 00      [14]  655 	ld iy, #2
    00000090 FD 39            [15]  656 	add iy, sp
    00000092 4B               [ 4]  657 	ld c, e
    00000093 42               [ 4]  658 	ld b, d
    00000094 FD 7E 00         [19]  659 	ld a, 0(iy)
    00000097 CD 56 00         [17]  660 	call 0x0056
                                    661 ;C:\Users\Jummy\Downloads\MSXgl-1.5.0b\engine/src/bios.c:431: }
    0000009A E1               [10]  662 	pop	hl
    0000009B 33               [ 6]  663 	inc	sp
    0000009C E9               [ 4]  664 	jp	(hl)
                                    665 ;C:\Users\Jummy\Downloads\MSXgl-1.5.0b\engine/src/bios.c:442: void BIOS_CopyFromVRAM(u16 vram, void* ram, u16 length)
                                    666 ;	---------------------------------
                                    667 ; Function BIOS_CopyFromVRAM
                                    668 ; ---------------------------------
    0000009D                        669 _BIOS_CopyFromVRAM::
                                    670 ;C:\Users\Jummy\Downloads\MSXgl-1.5.0b\engine/src/bios.c:455: __endasm;
    0000009D FD 21 02 00      [14]  671 	ld iy, #2
    000000A1 FD 39            [15]  672 	add iy, sp
    000000A3 FD 4E 00         [19]  673 	ld c, 0(iy)
    000000A6 FD 46 01         [19]  674 	ld b, 1(iy)
    000000A9 CD 59 00         [17]  675 	call 0x0059
                                    676 ;C:\Users\Jummy\Downloads\MSXgl-1.5.0b\engine/src/bios.c:456: }
    000000AC E1               [10]  677 	pop	hl
    000000AD F1               [10]  678 	pop	af
    000000AE E9               [ 4]  679 	jp	(hl)
                                    680 ;C:\Users\Jummy\Downloads\MSXgl-1.5.0b\engine/src/bios.c:467: void BIOS_CopyToVRAM(const void* ram, u16 vram, u16 length)
                                    681 ;	---------------------------------
                                    682 ; Function BIOS_CopyToVRAM
                                    683 ; ---------------------------------
    000000AF                        684 _BIOS_CopyToVRAM::
                                    685 ;C:\Users\Jummy\Downloads\MSXgl-1.5.0b\engine/src/bios.c:480: __endasm;
    000000AF FD 21 02 00      [14]  686 	ld iy, #2
    000000B3 FD 39            [15]  687 	add iy, sp
    000000B5 FD 4E 00         [19]  688 	ld c, 0(iy)
    000000B8 FD 46 01         [19]  689 	ld b, 1(iy)
    000000BB CD 5C 00         [17]  690 	call 0x005C
                                    691 ;C:\Users\Jummy\Downloads\MSXgl-1.5.0b\engine/src/bios.c:481: }
    000000BE E1               [10]  692 	pop	hl
    000000BF F1               [10]  693 	pop	af
    000000C0 E9               [ 4]  694 	jp	(hl)
                                    695 ;C:\Users\Jummy\Downloads\MSXgl-1.5.0b\engine/src/bios.c:572: void BIOS_InitScreen3Ex(u16 pnt, u16 ct, u16 pgt, u16 sat, u16 sgt, u8 text, u8 bg, u8 border)
                                    696 ;	---------------------------------
                                    697 ; Function BIOS_InitScreen3Ex
                                    698 ; ---------------------------------
    000000C1                        699 _BIOS_InitScreen3Ex::
    000000C1 DD E5            [15]  700 	push	ix
    000000C3 DD 21 00 00      [14]  701 	ld	ix,	#0
    000000C7 DD 39            [15]  702 	add	ix, sp
    000000C9 22 D1 F3         [16]  703 	ld	(_g_MLTNAM), hl
    000000CC ED 53 D3 F3      [20]  704 	ld	(_g_MLTCOL), de
                                    705 ;C:\Users\Jummy\Downloads\MSXgl-1.5.0b\engine/src/bios.c:576: g_MLTCGP = pgt;    // Address of pattern generator table
    000000D0 DD 6E 04         [19]  706 	ld	l, 4 (ix)
    000000D3 DD 66 05         [19]  707 	ld	h, 5 (ix)
    000000D6 22 D5 F3         [16]  708 	ld	(_g_MLTCGP), hl
                                    709 ;C:\Users\Jummy\Downloads\MSXgl-1.5.0b\engine/src/bios.c:577: g_MLTATR = sat;    // Address of sprite attribute table
    000000D9 DD 6E 06         [19]  710 	ld	l, 6 (ix)
    000000DC DD 66 07         [19]  711 	ld	h, 7 (ix)
    000000DF 22 D7 F3         [16]  712 	ld	(_g_MLTATR), hl
                                    713 ;C:\Users\Jummy\Downloads\MSXgl-1.5.0b\engine/src/bios.c:578: g_MLTPAT = sgt;    // Address of sprite generator table
    000000E2 DD 6E 08         [19]  714 	ld	l, 8 (ix)
    000000E5 DD 66 09         [19]  715 	ld	h, 9 (ix)
    000000E8 22 D9 F3         [16]  716 	ld	(_g_MLTPAT), hl
                                    717 ;C:\Users\Jummy\Downloads\MSXgl-1.5.0b\engine/src/bios.c:579: g_FORCLR = text;   // Text color
    000000EB DD 7E 0A         [19]  718 	ld	a, 10 (ix)
    000000EE 32 E9 F3         [13]  719 	ld	(#_g_FORCLR), a
                                    720 ;C:\Users\Jummy\Downloads\MSXgl-1.5.0b\engine/src/bios.c:580: g_BAKCLR = bg;     // Background color
    000000F1 DD 7E 0B         [19]  721 	ld	a, 11 (ix)
    000000F4 32 EA F3         [13]  722 	ld	(#_g_BAKCLR), a
                                    723 ;C:\Users\Jummy\Downloads\MSXgl-1.5.0b\engine/src/bios.c:581: g_BDRCLR = border; // Border color
    000000F7 DD 7E 0C         [19]  724 	ld	a, 12 (ix)
    000000FA 32 EB F3         [13]  725 	ld	(#_g_BDRCLR), a
                                    726 ;C:\Users\Jummy\Downloads\MSXgl-1.5.0b\engine/src/system.h:231: inline void Call(u16 addr) { ((void(*)(void))addr)(); }
    000000FD CD 75 00         [17]  727 	call	0x0075
                                    728 ;C:\Users\Jummy\Downloads\MSXgl-1.5.0b\engine/src/bios.c:582: Call(R_INIMLT);
                                    729 ;C:\Users\Jummy\Downloads\MSXgl-1.5.0b\engine/src/bios.c:583: }
    00000100 DD E1            [14]  730 	pop	ix
    00000102 E1               [10]  731 	pop	hl
    00000103 FD 21 09 00      [14]  732 	ld	iy, #9
    00000107 FD 39            [15]  733 	add	iy, sp
    00000109 FD F9            [10]  734 	ld	sp, iy
    0000010B E9               [ 4]  735 	jp	(hl)
                                    736 ;C:\Users\Jummy\Downloads\MSXgl-1.5.0b\engine/src/bios.c:624: u16 BIOS_GetSpritePatternAddress(u8 id) __NAKED
                                    737 ;	---------------------------------
                                    738 ; Function BIOS_GetSpritePatternAddress
                                    739 ; ---------------------------------
    0000010C                        740 _BIOS_GetSpritePatternAddress::
                                    741 ;C:\Users\Jummy\Downloads\MSXgl-1.5.0b\engine/src/bios.c:632: __endasm;
    0000010C CD 84 00         [17]  742 	call 0x0084
    0000010F EB               [ 4]  743 	ex de, hl
    00000110 C9               [10]  744 	ret
                                    745 ;C:\Users\Jummy\Downloads\MSXgl-1.5.0b\engine/src/bios.c:633: }
                                    746 ;C:\Users\Jummy\Downloads\MSXgl-1.5.0b\engine/src/bios.c:642: u16 BIOS_GetSpriteAttributeAddress(u8 id) __NAKED
                                    747 ;	---------------------------------
                                    748 ; Function BIOS_GetSpriteAttributeAddress
                                    749 ; ---------------------------------
    00000111                        750 _BIOS_GetSpriteAttributeAddress::
                                    751 ;C:\Users\Jummy\Downloads\MSXgl-1.5.0b\engine/src/bios.c:650: __endasm;
    00000111 CD 87 00         [17]  752 	call 0x0087
    00000114 EB               [ 4]  753 	ex de, hl
    00000115 C9               [10]  754 	ret
                                    755 ;C:\Users\Jummy\Downloads\MSXgl-1.5.0b\engine/src/bios.c:651: }
                                    756 ;C:\Users\Jummy\Downloads\MSXgl-1.5.0b\engine/src/bios.c:694: void BIOS_WritePSG(u8 reg, u8 value)
                                    757 ;	---------------------------------
                                    758 ; Function BIOS_WritePSG
                                    759 ; ---------------------------------
    00000116                        760 _BIOS_WritePSG::
                                    761 ;C:\Users\Jummy\Downloads\MSXgl-1.5.0b\engine/src/bios.c:702: __endasm;	
    00000116 5D               [ 4]  762 	ld e, l
    00000117 CD 93 00         [17]  763 	call 0x0093
                                    764 ;C:\Users\Jummy\Downloads\MSXgl-1.5.0b\engine/src/bios.c:703: }
    0000011A C9               [10]  765 	ret
                                    766 ;C:\Users\Jummy\Downloads\MSXgl-1.5.0b\engine/src/bios.c:711: bool BIOS_PlayPSG(const BIOS_QCB* qcb) __NAKED
                                    767 ;	---------------------------------
                                    768 ; Function BIOS_PlayPSG
                                    769 ; ---------------------------------
    0000011B                        770 _BIOS_PlayPSG::
                                    771 ;C:\Users\Jummy\Downloads\MSXgl-1.5.0b\engine/src/bios.c:740: __endasm;
    0000011B                        772 music_check:
    0000011B 3A 3F FB         [13]  773 	ld a, (0xFB3F)
    0000011E B7               [ 4]  774 	or a
    0000011F 20 15            [12]  775 	jr nz, music_notready
    00000121                        776 music_play:
    00000121 F3               [ 4]  777 	di
    00000122 11 59 F9         [10]  778 	ld de, #0xF959
    00000125 01 12 00         [10]  779 	ld bc, #6*3
    00000128 ED B0            [21]  780 	ldir
    0000012A 3E 01            [ 7]  781 	ld a, #1
    0000012C 32 40 FB         [13]  782 	ld (0xFB40), a
    0000012F CD 99 00         [17]  783 	call 0x0099
    00000132 FB               [ 4]  784 	ei
    00000133 3E 01            [ 7]  785 	ld a, #(1)
    00000135 C9               [10]  786 	ret
    00000136                        787 music_notready:
    00000136 AF               [ 4]  788 	xor a
    00000137 C9               [10]  789 	ret
                                    790 ;C:\Users\Jummy\Downloads\MSXgl-1.5.0b\engine/src/bios.c:741: }
                                    791 ;C:\Users\Jummy\Downloads\MSXgl-1.5.0b\engine/src/bios.c:759: u8 BIOS_HasCharacter() __NAKED
                                    792 ;	---------------------------------
                                    793 ; Function BIOS_HasCharacter
                                    794 ; ---------------------------------
    00000138                        795 _BIOS_HasCharacter::
                                    796 ;C:\Users\Jummy\Downloads\MSXgl-1.5.0b\engine/src/bios.c:767: __endasm;
    00000138 2E 00            [ 7]  797 	ld l, #0
    0000013A CD 9C 00         [17]  798 	call 0x009C
    0000013D C8               [11]  799 	ret z
    0000013E CD 9F 00         [17]  800 	call 0x009F
    00000141 C9               [10]  801 	ret
                                    802 ;C:\Users\Jummy\Downloads\MSXgl-1.5.0b\engine/src/bios.c:768: }
                                    803 ;C:\Users\Jummy\Downloads\MSXgl-1.5.0b\engine/src/bios.c:869: void BIOS_ClearScreen()
                                    804 ;	---------------------------------
                                    805 ; Function BIOS_ClearScreen
                                    806 ; ---------------------------------
    00000142                        807 _BIOS_ClearScreen::
                                    808 ;C:\Users\Jummy\Downloads\MSXgl-1.5.0b\engine/src/bios.c:874: __endasm;
    00000142 AF               [ 4]  809 	xor a, a
    00000143 CD C3 00         [17]  810 	call 0x00C3
                                    811 ;C:\Users\Jummy\Downloads\MSXgl-1.5.0b\engine/src/bios.c:875: }
    00000146 C9               [10]  812 	ret
                                    813 ;C:\Users\Jummy\Downloads\MSXgl-1.5.0b\engine/src/bios.c:884: void BIOS_TextSetCursor(u8 x, u8 y)
                                    814 ;	---------------------------------
                                    815 ; Function BIOS_TextSetCursor
                                    816 ; ---------------------------------
    00000147                        817 _BIOS_TextSetCursor::
                                    818 ;C:\Users\Jummy\Downloads\MSXgl-1.5.0b\engine/src/bios.c:892: __endasm;	
    00000147 67               [ 4]  819 	ld h, a
    00000148 CD C6 00         [17]  820 	call 0x00C6
                                    821 ;C:\Users\Jummy\Downloads\MSXgl-1.5.0b\engine/src/bios.c:893: }
    0000014B C9               [10]  822 	ret
                                    823 	.area _CODE
                                    824 	.area _INITIALIZER
                                    825 	.area _CABS (ABS)
