                                      1 ;--------------------------------------------------------
                                      2 ; File Created by SDCC : free open source ISO C Compiler
                                      3 ; Version 4.6.0 #16555 (MINGW64)
                                      4 ;--------------------------------------------------------
                                      5 	.module draw
                                      6 	
                                      7 	.optsdcc -mz80 sdcccall(1)
                                      8 ;--------------------------------------------------------
                                      9 ; Public variables in this module
                                     10 ;--------------------------------------------------------
                                     11 	.globl _VDP_CommandSetupR36
                                     12 	.globl _g_SLTSL
                                     13 	.globl _g_GRPACY
                                     14 	.globl _g_GRPACX
                                     15 	.globl _g_LOGOPR
                                     16 	.globl _g_CMASK
                                     17 	.globl _g_CLOC
                                     18 	.globl _g_FNKSTR
                                     19 	.globl _g_GETPNT
                                     20 	.globl _g_PUTPNT
                                     21 	.globl _g_ATRBYT
                                     22 	.globl _g_BDRCLR
                                     23 	.globl _g_BAKCLR
                                     24 	.globl _g_FORCLR
                                     25 	.globl _g_CSRX
                                     26 	.globl _g_CSRY
                                     27 	.globl _g_CLIKSW
                                     28 	.globl _g_MLTPAT
                                     29 	.globl _g_MLTATR
                                     30 	.globl _g_MLTCGP
                                     31 	.globl _g_MLTCOL
                                     32 	.globl _g_MLTNAM
                                     33 	.globl _g_GRPPAT
                                     34 	.globl _g_GRPATR
                                     35 	.globl _g_GRPCGP
                                     36 	.globl _g_GRPCOL
                                     37 	.globl _g_GRPNAM
                                     38 	.globl _g_T32PAT
                                     39 	.globl _g_T32ATR
                                     40 	.globl _g_T32CGP
                                     41 	.globl _g_T32COL
                                     42 	.globl _g_T32NAM
                                     43 	.globl _g_TXTPAT
                                     44 	.globl _g_TXTATR
                                     45 	.globl _g_TXTCGP
                                     46 	.globl _g_TXTCOL
                                     47 	.globl _g_TXTNAM
                                     48 	.globl _g_CLMLST
                                     49 	.globl _g_CRTCNT
                                     50 	.globl _g_LINLEN
                                     51 	.globl _g_LINL32
                                     52 	.globl _g_LINL40
                                     53 	.globl _g_SVFFFD
                                     54 	.globl _g_RG27SAV
                                     55 	.globl _g_RG26SAV
                                     56 	.globl _g_RG25SAV
                                     57 	.globl _g_SVFFF8
                                     58 	.globl _g_MINROM
                                     59 	.globl _g_RG23SAV
                                     60 	.globl _g_RG22SAV
                                     61 	.globl _g_RG21SAV
                                     62 	.globl _g_RG20SAV
                                     63 	.globl _g_RG19SAV
                                     64 	.globl _g_RG18SAV
                                     65 	.globl _g_RG17SAV
                                     66 	.globl _g_RG16SAV
                                     67 	.globl _g_RG15SAV
                                     68 	.globl _g_RG14SAV
                                     69 	.globl _g_RG13SAV
                                     70 	.globl _g_RG12SAV
                                     71 	.globl _g_RG11SAV
                                     72 	.globl _g_RG10SAV
                                     73 	.globl _g_RG09SAV
                                     74 	.globl _g_RG08SAV
                                     75 	.globl _g_PROCNM
                                     76 	.globl _g_SLTWRK
                                     77 	.globl _g_SLTATR
                                     78 	.globl _g_SLTTBL
                                     79 	.globl _g_EXPTBL
                                     80 	.globl _g_MNROM
                                     81 	.globl _g_DRWANG
                                     82 	.globl _g_DRWSCL
                                     83 	.globl _g_DRWFLG
                                     84 	.globl _g_GYPOS
                                     85 	.globl _g_GXPOS
                                     86 	.globl _g_BRDATR
                                     87 	.globl _g_CASPRV
                                     88 	.globl _g_OLDSCR
                                     89 	.globl _g_SCRMOD
                                     90 	.globl _g_FLBMEM
                                     91 	.globl _g_KANAMD
                                     92 	.globl _g_KANAST
                                     93 	.globl _g_CAPST
                                     94 	.globl _g_CSTYLE
                                     95 	.globl _g_CSRSW
                                     96 	.globl _g_INSFLG
                                     97 	.globl _g_ESCCNT
                                     98 	.globl _g_GRPHED
                                     99 	.globl _g_WINWID
                                    100 	.globl _g_LOWLIM
                                    101 	.globl _g_INTCNT
                                    102 	.globl _g_INTVAL
                                    103 	.globl _g_JIFFY
                                    104 	.globl _g_PADX
                                    105 	.globl _g_PADY
                                    106 	.globl _g_INTFLG
                                    107 	.globl _g_RTYCNT
                                    108 	.globl _g_TRPTBL
                                    109 	.globl _g_HIMEM
                                    110 	.globl _g_BOTTOM
                                    111 	.globl _g_PATWRK
                                    112 	.globl _g_LINWRK
                                    113 	.globl _g_KEYBUF
                                    114 	.globl _g_NEWKEY
                                    115 	.globl _g_OLDKEY
                                    116 	.globl _g_CLIKFL
                                    117 	.globl _g_ONGSBF
                                    118 	.globl _g_FNKFLG
                                    119 	.globl _g_FNKSWI
                                    120 	.globl _g_CODSAV
                                    121 	.globl _g_FSTPOS
                                    122 	.globl _g_LINTTB
                                    123 	.globl _g_BASROM
                                    124 	.globl _g_ENSTOP
                                    125 	.globl _g_VCBC
                                    126 	.globl _g_VCBB
                                    127 	.globl _g_VCBA
                                    128 	.globl _g_PLYCNT
                                    129 	.globl _g_MUSICF
                                    130 	.globl _g_QUEUEN
                                    131 	.globl _g_MCLPTR
                                    132 	.globl _g_MCLLEN
                                    133 	.globl _g_SAVVOL
                                    134 	.globl _g_VOICEN
                                    135 	.globl _g_SAVSP
                                    136 	.globl _g_PRSCNT
                                    137 	.globl _g_LSTMOD
                                    138 	.globl _g_LSTCOM
                                    139 	.globl _g_COMMSK
                                    140 	.globl _g_ESTBLS
                                    141 	.globl _g_FLAGS
                                    142 	.globl _g_ERRORS
                                    143 	.globl _g_DATCNT
                                    144 	.globl _g_DEVNUM
                                    145 	.globl _g_OLDINT
                                    146 	.globl _g_OLDSTT
                                    147 	.globl _g_MEXBIh
                                    148 	.globl _g_RSIQLN
                                    149 	.globl _g_RSFCB
                                    150 	.globl _g_TOCNT
                                    151 	.globl _g_RSTMP
                                    152 	.globl _g_YSAVE
                                    153 	.globl _g_XSAVE
                                    154 	.globl _g_NORUSE
                                    155 	.globl _g_MODE
                                    156 	.globl _g_ROMA
                                    157 	.globl _g_CHRCNT
                                    158 	.globl _g_EXBRSA
                                    159 	.globl _g_AVCSAV
                                    160 	.globl _g_ACPAGE
                                    161 	.globl _g_DPPAGE
                                    162 	.globl _g_RS2IQ
                                    163 	.globl _g_VOICCQ
                                    164 	.globl _g_VOICBQ
                                    165 	.globl _g_VOICAQ
                                    166 	.globl _g_QUEBAK
                                    167 	.globl _g_QUETAB
                                    168 	.globl _g_ASPCT2
                                    169 	.globl _g_ASPCT1
                                    170 	.globl _g_HEADER
                                    171 	.globl _g_HIGH
                                    172 	.globl _g_LOW
                                    173 	.globl _g_CS240
                                    174 	.globl _g_CS120
                                    175 	.globl _g_REPCNT
                                    176 	.globl _g_SCNCNT
                                    177 	.globl _g_FRCNEW
                                    178 	.globl _g_QUEUES
                                    179 	.globl _g_MINUPD
                                    180 	.globl _g_MAXUPD
                                    181 	.globl _g_TRGFLG
                                    182 	.globl _g_STATFL
                                    183 	.globl _g_RG7SAV
                                    184 	.globl _g_RG6SAV
                                    185 	.globl _g_RG5SAV
                                    186 	.globl _g_RG4SAV
                                    187 	.globl _g_RG3SAV
                                    188 	.globl _g_RG2SAV
                                    189 	.globl _g_RG1SAV
                                    190 	.globl _g_RG0SAV
                                    191 	.globl _g_CNSDFG
                                    192 	.globl _g_USRTAB
                                    193 	.globl _g_CLPRIM
                                    194 	.globl _g_WRPRIM
                                    195 	.globl _g_RDPRIM
                                    196 	.globl _Draw_Line
                                    197 	.globl _Draw_LineH
                                    198 	.globl _Draw_LineV
                                    199 	.globl _Draw_Box
                                    200 	.globl _Draw_FillBox
                                    201 	.globl _Draw_Circle
                                    202 ;--------------------------------------------------------
                                    203 ; special function registers
                                    204 ;--------------------------------------------------------
                                    205 ;--------------------------------------------------------
                                    206 ; ram data
                                    207 ;--------------------------------------------------------
                                    208 	.area _DATA
                         0000F3AE   209 _g_LINL40	=	0xf3ae
                         0000F3AF   210 _g_LINL32	=	0xf3af
                         0000F3B0   211 _g_LINLEN	=	0xf3b0
                         0000F3B1   212 _g_CRTCNT	=	0xf3b1
                         0000F3B2   213 _g_CLMLST	=	0xf3b2
                         0000F3B3   214 _g_TXTNAM	=	0xf3b3
                         0000F3B5   215 _g_TXTCOL	=	0xf3b5
                         0000F3B7   216 _g_TXTCGP	=	0xf3b7
                         0000F3B9   217 _g_TXTATR	=	0xf3b9
                         0000F3BB   218 _g_TXTPAT	=	0xf3bb
                         0000F3BD   219 _g_T32NAM	=	0xf3bd
                         0000F3BF   220 _g_T32COL	=	0xf3bf
                         0000F3C1   221 _g_T32CGP	=	0xf3c1
                         0000F3C3   222 _g_T32ATR	=	0xf3c3
                         0000F3C5   223 _g_T32PAT	=	0xf3c5
                         0000F3C7   224 _g_GRPNAM	=	0xf3c7
                         0000F3C9   225 _g_GRPCOL	=	0xf3c9
                         0000F3CB   226 _g_GRPCGP	=	0xf3cb
                         0000F3CD   227 _g_GRPATR	=	0xf3cd
                         0000F3CF   228 _g_GRPPAT	=	0xf3cf
                         0000F3D1   229 _g_MLTNAM	=	0xf3d1
                         0000F3D3   230 _g_MLTCOL	=	0xf3d3
                         0000F3D5   231 _g_MLTCGP	=	0xf3d5
                         0000F3D7   232 _g_MLTATR	=	0xf3d7
                         0000F3D9   233 _g_MLTPAT	=	0xf3d9
                         0000F3DB   234 _g_CLIKSW	=	0xf3db
                         0000F3DC   235 _g_CSRY	=	0xf3dc
                         0000F3DD   236 _g_CSRX	=	0xf3dd
                         0000F3E9   237 _g_FORCLR	=	0xf3e9
                         0000F3EA   238 _g_BAKCLR	=	0xf3ea
                         0000F3EB   239 _g_BDRCLR	=	0xf3eb
                         0000F3F2   240 _g_ATRBYT	=	0xf3f2
                         0000F3F8   241 _g_PUTPNT	=	0xf3f8
                         0000F3FA   242 _g_GETPNT	=	0xf3fa
                         0000F87F   243 _g_FNKSTR	=	0xf87f
                         0000F92A   244 _g_CLOC	=	0xf92a
                         0000F92C   245 _g_CMASK	=	0xf92c
                         0000FB02   246 _g_LOGOPR	=	0xfb02
                         0000FCB7   247 _g_GRPACX	=	0xfcb7
                         0000FCB9   248 _g_GRPACY	=	0xfcb9
                         0000FFFF   249 _g_SLTSL	=	0xffff
                                    250 ;--------------------------------------------------------
                                    251 ; ram data
                                    252 ;--------------------------------------------------------
                                    253 	.area _INITIALIZED
                                    254 ;--------------------------------------------------------
                                    255 ; absolute ram data
                                    256 ;--------------------------------------------------------
                                    257 	.area _DABS (ABS)
                                    258 	.area _DABS (ABS)
                                    259 ;--------------------------------------------------------
                                    260 ; global & static initialisations
                                    261 ;--------------------------------------------------------
                                    262 	.area _HOME
                                    263 	.area _GSINIT
                                    264 	.area _GSFINAL
                                    265 	.area _GSINIT
                                    266 ;--------------------------------------------------------
                                    267 ; Home
                                    268 ;--------------------------------------------------------
                                    269 	.area _HOME
                                    270 	.area _HOME
                                    271 ;--------------------------------------------------------
                                    272 ; code
                                    273 ;--------------------------------------------------------
                                    274 	.area _CODE
                                    275 ;C:\Users\Jummy\Downloads\MSXgl-1.5.0b\engine/src/draw.c:14: void Draw_Line(UX x1, UY y1, UX x2, UY y2, u8 color, u8 op)
                                    276 ;	---------------------------------
                                    277 ; Function Draw_Line
                                    278 ; ---------------------------------
    00000000                        279 _Draw_Line::
    00000000 DD E5            [15]  280 	push	ix
    00000002 DD 21 00 00      [14]  281 	ld	ix,	#0
    00000006 DD 39            [15]  282 	add	ix, sp
    00000008 F5               [11]  283 	push	af
    00000009 F5               [11]  284 	push	af
    0000000A 3B               [ 6]  285 	dec	sp
    0000000B EB               [ 4]  286 	ex	de, hl
                                    287 ;C:\Users\Jummy\Downloads\MSXgl-1.5.0b\engine/src/draw.c:20: if (x1 > x2)
    0000000C DD 7E 05         [19]  288 	ld	a, 5 (ix)
    0000000F 93               [ 4]  289 	sub	a, e
    00000010 DD 7E 06         [19]  290 	ld	a, 6 (ix)
    00000013 9A               [ 4]  291 	sbc	a, d
    00000014 30 15            [12]  292 	jr	nc, 00102$
                                    293 ;C:\Users\Jummy\Downloads\MSXgl-1.5.0b\engine/src/draw.c:22: arg |= VDP_ARG_DIX_LEFT;
    00000016 DD 36 FF 04      [19]  294 	ld	-1 (ix), #0x04
                                    295 ;C:\Users\Jummy\Downloads\MSXgl-1.5.0b\engine/src/draw.c:23: dx = x1 - x2 /*+ 1*/;
    0000001A 7B               [ 4]  296 	ld	a, e
    0000001B DD 96 05         [19]  297 	sub	a, 5 (ix)
    0000001E DD 77 FD         [19]  298 	ld	-3 (ix), a
    00000021 7A               [ 4]  299 	ld	a, d
    00000022 DD 9E 06         [19]  300 	sbc	a, 6 (ix)
    00000025 DD 77 FE         [19]  301 	ld	-2 (ix), a
    00000028 C3r3Dr00         [10]  302 	jp	00103$
    0000002B                        303 00102$:
                                    304 ;C:\Users\Jummy\Downloads\MSXgl-1.5.0b\engine/src/draw.c:27: arg |= VDP_ARG_DIX_RIGHT;
    0000002B DD 36 FF 00      [19]  305 	ld	-1 (ix), #0x00
                                    306 ;C:\Users\Jummy\Downloads\MSXgl-1.5.0b\engine/src/draw.c:28: dx = x2 - x1 /*+ 1*/;
    0000002F DD 7E 05         [19]  307 	ld	a, 5 (ix)
    00000032 93               [ 4]  308 	sub	a, e
    00000033 DD 77 FD         [19]  309 	ld	-3 (ix), a
    00000036 DD 7E 06         [19]  310 	ld	a, 6 (ix)
    00000039 9A               [ 4]  311 	sbc	a, d
    0000003A DD 77 FE         [19]  312 	ld	-2 (ix), a
    0000003D                        313 00103$:
                                    314 ;C:\Users\Jummy\Downloads\MSXgl-1.5.0b\engine/src/draw.c:33: dy = y1 - y2 /*+ 1*/;
    0000003D DD 4E 04         [19]  315 	ld	c, 4 (ix)
    00000040 DD 6E 07         [19]  316 	ld	l, 7 (ix)
                                    317 ;C:\Users\Jummy\Downloads\MSXgl-1.5.0b\engine/src/draw.c:30: if (y1 > y2)
    00000043 DD 7E 07         [19]  318 	ld	a, 7 (ix)
    00000046 DD 96 04         [19]  319 	sub	a, 4 (ix)
    00000049 30 0C            [12]  320 	jr	nc, 00105$
                                    321 ;C:\Users\Jummy\Downloads\MSXgl-1.5.0b\engine/src/draw.c:32: arg |= VDP_ARG_DIY_UP;
    0000004B DD CB FF DE      [23]  322 	set	3, -1 (ix)
                                    323 ;C:\Users\Jummy\Downloads\MSXgl-1.5.0b\engine/src/draw.c:33: dy = y1 - y2 /*+ 1*/;
    0000004F 79               [ 4]  324 	ld	a, c
    00000050 95               [ 4]  325 	sub	a, l
    00000051 4F               [ 4]  326 	ld	c, a
    00000052 9F               [ 4]  327 	sbc	a, a
    00000053 47               [ 4]  328 	ld	b, a
    00000054 C3r5Cr00         [10]  329 	jp	00106$
    00000057                        330 00105$:
                                    331 ;C:\Users\Jummy\Downloads\MSXgl-1.5.0b\engine/src/draw.c:38: dy = y2 - y1 /*+ 1*/;
    00000057 7D               [ 4]  332 	ld	a, l
    00000058 91               [ 4]  333 	sub	a, c
    00000059 4F               [ 4]  334 	ld	c, a
    0000005A 9F               [ 4]  335 	sbc	a, a
    0000005B 47               [ 4]  336 	ld	b, a
    0000005C                        337 00106$:
                                    338 ;C:\Users\Jummy\Downloads\MSXgl-1.5.0b\engine/src/draw.c:40: if (dx > dy)
    0000005C 79               [ 4]  339 	ld	a, c
    0000005D DD 96 FD         [19]  340 	sub	a, -3 (ix)
    00000060 78               [ 4]  341 	ld	a, b
    00000061 DD 9E FE         [19]  342 	sbc	a, -2 (ix)
    00000064 30 0F            [12]  343 	jr	nc, 00108$
                                    344 ;C:\Users\Jummy\Downloads\MSXgl-1.5.0b\engine/src/draw.c:43: nx = dx;
    00000066 DD 7E FD         [19]  345 	ld	a, -3 (ix)
    00000069 DD 77 FB         [19]  346 	ld	-5 (ix), a
    0000006C DD 7E FE         [19]  347 	ld	a, -2 (ix)
    0000006F DD 77 FC         [19]  348 	ld	-4 (ix), a
                                    349 ;C:\Users\Jummy\Downloads\MSXgl-1.5.0b\engine/src/draw.c:44: ny = dy;
    00000072 C3r81r00         [10]  350 	jp	00109$
    00000075                        351 00108$:
                                    352 ;C:\Users\Jummy\Downloads\MSXgl-1.5.0b\engine/src/draw.c:48: arg |= VDP_ARG_MAJ_V;
    00000075 DD CB FF C6      [23]  353 	set	0, -1 (ix)
                                    354 ;C:\Users\Jummy\Downloads\MSXgl-1.5.0b\engine/src/draw.c:49: nx = dy;
    00000079 E1               [10]  355 	pop	hl
    0000007A C5               [11]  356 	push	bc
                                    357 ;C:\Users\Jummy\Downloads\MSXgl-1.5.0b\engine/src/draw.c:50: ny = dx;
    0000007B DD 4E FD         [19]  358 	ld	c, -3 (ix)
    0000007E DD 46 FE         [19]  359 	ld	b, -2 (ix)
    00000081                        360 00109$:
                                    361 ;C:\Users\Jummy\Downloads\MSXgl-1.5.0b\engine/src/draw.c:53: VDP_CommandLINE(x1, y1, nx, ny, color, arg, op);	
    00000081 DD 7E 09         [19]  362 	ld	a, 9 (ix)
    00000084 DD 77 FD         [19]  363 	ld	-3 (ix), a
    00000087 DD 7E 08         [19]  364 	ld	a, 8 (ix)
    0000008A DD 77 FE         [19]  365 	ld	-2 (ix), a
    0000008D DD 6E 04         [19]  366 	ld	l, 4 (ix)
    00000090 26 00            [ 7]  367 	ld	h, #0x00
                                    368 ;C:\Users\Jummy\Downloads\MSXgl-1.5.0b\engine/src/vdp_inl.h:338: g_VDP_Command.DX = dx;
    00000092 ED 53r04r00      [20]  369 	ld	((_g_VDP_Command + 4)), de
                                    370 ;C:\Users\Jummy\Downloads\MSXgl-1.5.0b\engine/src/vdp_inl.h:339: g_VDP_Command.DY = dy;
    00000096 22r06r00         [16]  371 	ld	((_g_VDP_Command + 6)), hl
                                    372 ;C:\Users\Jummy\Downloads\MSXgl-1.5.0b\engine/src/vdp_inl.h:340: g_VDP_Command.NX = nx;
    00000099 21r08r00         [10]  373 	ld	hl, #(_g_VDP_Command + 8)
    0000009C DD 7E FB         [19]  374 	ld	a, -5 (ix)
    0000009F 77               [ 7]  375 	ld	(hl), a
    000000A0 23               [ 6]  376 	inc	hl
    000000A1 DD 7E FC         [19]  377 	ld	a, -4 (ix)
    000000A4 77               [ 7]  378 	ld	(hl), a
                                    379 ;C:\Users\Jummy\Downloads\MSXgl-1.5.0b\engine/src/vdp_inl.h:341: g_VDP_Command.NY = ny;
    000000A5 ED 43r0Ar00      [20]  380 	ld	((_g_VDP_Command + 10)), bc
                                    381 ;C:\Users\Jummy\Downloads\MSXgl-1.5.0b\engine/src/vdp_inl.h:342: g_VDP_Command.CLR = col;
    000000A9 21r0Cr00         [10]  382 	ld	hl, #(_g_VDP_Command + 12)
    000000AC DD 7E FE         [19]  383 	ld	a, -2 (ix)
    000000AF 77               [ 7]  384 	ld	(hl), a
                                    385 ;C:\Users\Jummy\Downloads\MSXgl-1.5.0b\engine/src/vdp_inl.h:343: g_VDP_Command.ARG = arg;
    000000B0 23               [ 6]  386 	inc	hl
    000000B1 DD 7E FF         [19]  387 	ld	a, -1 (ix)
    000000B4 77               [ 7]  388 	ld	(hl), a
                                    389 ;C:\Users\Jummy\Downloads\MSXgl-1.5.0b\engine/src/vdp_inl.h:344: g_VDP_Command.CMD = VDP_CMD_LINE + op;
    000000B5 DD 7E FD         [19]  390 	ld	a, -3 (ix)
    000000B8 23               [ 6]  391 	inc	hl
    000000B9 C6 70            [ 7]  392 	add	a, #0x70
    000000BB 77               [ 7]  393 	ld	(hl), a
                                    394 ;C:\Users\Jummy\Downloads\MSXgl-1.5.0b\engine/src/vdp_inl.h:345: VDP_CommandSetupR36();
    000000BC CDr00r00         [17]  395 	call	_VDP_CommandSetupR36
                                    396 ;C:\Users\Jummy\Downloads\MSXgl-1.5.0b\engine/src/draw.c:53: VDP_CommandLINE(x1, y1, nx, ny, color, arg, op);	
                                    397 ;C:\Users\Jummy\Downloads\MSXgl-1.5.0b\engine/src/draw.c:54: }
    000000BF DD F9            [10]  398 	ld	sp, ix
    000000C1 DD E1            [14]  399 	pop	ix
    000000C3 E1               [10]  400 	pop	hl
    000000C4 F1               [10]  401 	pop	af
    000000C5 F1               [10]  402 	pop	af
    000000C6 F1               [10]  403 	pop	af
    000000C7 E9               [ 4]  404 	jp	(hl)
                         0000F380   405 _g_RDPRIM	=	0xf380
                         0000F385   406 _g_WRPRIM	=	0xf385
                         0000F38C   407 _g_CLPRIM	=	0xf38c
                         0000F39A   408 _g_USRTAB	=	0xf39a
                         0000F3DE   409 _g_CNSDFG	=	0xf3de
                         0000F3DF   410 _g_RG0SAV	=	0xf3df
                         0000F3E0   411 _g_RG1SAV	=	0xf3e0
                         0000F3E1   412 _g_RG2SAV	=	0xf3e1
                         0000F3E2   413 _g_RG3SAV	=	0xf3e2
                         0000F3E3   414 _g_RG4SAV	=	0xf3e3
                         0000F3E4   415 _g_RG5SAV	=	0xf3e4
                         0000F3E5   416 _g_RG6SAV	=	0xf3e5
                         0000F3E6   417 _g_RG7SAV	=	0xf3e6
                         0000F3E7   418 _g_STATFL	=	0xf3e7
                         0000F3E8   419 _g_TRGFLG	=	0xf3e8
                         0000F3EC   420 _g_MAXUPD	=	0xf3ec
                         0000F3EF   421 _g_MINUPD	=	0xf3ef
                         0000F3F3   422 _g_QUEUES	=	0xf3f3
                         0000F3F5   423 _g_FRCNEW	=	0xf3f5
                         0000F3F6   424 _g_SCNCNT	=	0xf3f6
                         0000F3F7   425 _g_REPCNT	=	0xf3f7
                         0000F3FC   426 _g_CS120	=	0xf3fc
                         0000F401   427 _g_CS240	=	0xf401
                         0000F406   428 _g_LOW	=	0xf406
                         0000F408   429 _g_HIGH	=	0xf408
                         0000F40A   430 _g_HEADER	=	0xf40a
                         0000F40B   431 _g_ASPCT1	=	0xf40b
                         0000F40D   432 _g_ASPCT2	=	0xf40d
                         0000F959   433 _g_QUETAB	=	0xf959
                         0000F971   434 _g_QUEBAK	=	0xf971
                         0000F975   435 _g_VOICAQ	=	0xf975
                         0000F9F5   436 _g_VOICBQ	=	0xf9f5
                         0000FA75   437 _g_VOICCQ	=	0xfa75
                         0000FAF5   438 _g_RS2IQ	=	0xfaf5
                         0000FAF5   439 _g_DPPAGE	=	0xfaf5
                         0000FAF6   440 _g_ACPAGE	=	0xfaf6
                         0000FAF7   441 _g_AVCSAV	=	0xfaf7
                         0000FAF8   442 _g_EXBRSA	=	0xfaf8
                         0000FAF9   443 _g_CHRCNT	=	0xfaf9
                         0000FAFA   444 _g_ROMA	=	0xfafa
                         0000FAFC   445 _g_MODE	=	0xfafc
                         0000FAFD   446 _g_NORUSE	=	0xfafd
                         0000FAFE   447 _g_XSAVE	=	0xfafe
                         0000FB00   448 _g_YSAVE	=	0xfb00
                         0000FB03   449 _g_RSTMP	=	0xfb03
                         0000FB03   450 _g_TOCNT	=	0xfb03
                         0000FB04   451 _g_RSFCB	=	0xfb04
                         0000FB06   452 _g_RSIQLN	=	0xfb06
                         0000FB07   453 _g_MEXBIh	=	0xfb07
                         0000FB0C   454 _g_OLDSTT	=	0xfb0c
                         0000FB0C   455 _g_OLDINT	=	0xfb0c
                         0000FB16   456 _g_DEVNUM	=	0xfb16
                         0000FB17   457 _g_DATCNT	=	0xfb17
                         0000FB1A   458 _g_ERRORS	=	0xfb1a
                         0000FB1B   459 _g_FLAGS	=	0xfb1b
                         0000FB1C   460 _g_ESTBLS	=	0xfb1c
                         0000FB1D   461 _g_COMMSK	=	0xfb1d
                         0000FB1E   462 _g_LSTCOM	=	0xfb1e
                         0000FB1F   463 _g_LSTMOD	=	0xfb1f
                         0000FB35   464 _g_PRSCNT	=	0xfb35
                         0000FB36   465 _g_SAVSP	=	0xfb36
                         0000FB38   466 _g_VOICEN	=	0xfb38
                         0000FB39   467 _g_SAVVOL	=	0xfb39
                         0000FB3B   468 _g_MCLLEN	=	0xfb3b
                         0000FB3C   469 _g_MCLPTR	=	0xfb3c
                         0000FB3E   470 _g_QUEUEN	=	0xfb3e
                         0000FB3F   471 _g_MUSICF	=	0xfb3f
                         0000FB40   472 _g_PLYCNT	=	0xfb40
                         0000FB41   473 _g_VCBA	=	0xfb41
                         0000FB66   474 _g_VCBB	=	0xfb66
                         0000FB8B   475 _g_VCBC	=	0xfb8b
                         0000FBB0   476 _g_ENSTOP	=	0xfbb0
                         0000FBB1   477 _g_BASROM	=	0xfbb1
                         0000FBB2   478 _g_LINTTB	=	0xfbb2
                         0000FBCA   479 _g_FSTPOS	=	0xfbca
                         0000FBCC   480 _g_CODSAV	=	0xfbcc
                         0000FBCD   481 _g_FNKSWI	=	0xfbcd
                         0000FBCE   482 _g_FNKFLG	=	0xfbce
                         0000FBD8   483 _g_ONGSBF	=	0xfbd8
                         0000FBD9   484 _g_CLIKFL	=	0xfbd9
                         0000FBDA   485 _g_OLDKEY	=	0xfbda
                         0000FBE5   486 _g_NEWKEY	=	0xfbe5
                         0000FBF0   487 _g_KEYBUF	=	0xfbf0
                         0000FC18   488 _g_LINWRK	=	0xfc18
                         0000FC40   489 _g_PATWRK	=	0xfc40
                         0000FC48   490 _g_BOTTOM	=	0xfc48
                         0000FC4A   491 _g_HIMEM	=	0xfc4a
                         0000FC4C   492 _g_TRPTBL	=	0xfc4c
                         0000FC9A   493 _g_RTYCNT	=	0xfc9a
                         0000FC9B   494 _g_INTFLG	=	0xfc9b
                         0000FC9C   495 _g_PADY	=	0xfc9c
                         0000FC9D   496 _g_PADX	=	0xfc9d
                         0000FC9E   497 _g_JIFFY	=	0xfc9e
                         0000FCA0   498 _g_INTVAL	=	0xfca0
                         0000FCA2   499 _g_INTCNT	=	0xfca2
                         0000FCA4   500 _g_LOWLIM	=	0xfca4
                         0000FCA5   501 _g_WINWID	=	0xfca5
                         0000FCA6   502 _g_GRPHED	=	0xfca6
                         0000FCA7   503 _g_ESCCNT	=	0xfca7
                         0000FCA8   504 _g_INSFLG	=	0xfca8
                         0000FCA9   505 _g_CSRSW	=	0xfca9
                         0000FCAA   506 _g_CSTYLE	=	0xfcaa
                         0000FCAB   507 _g_CAPST	=	0xfcab
                         0000FCAC   508 _g_KANAST	=	0xfcac
                         0000FCAD   509 _g_KANAMD	=	0xfcad
                         0000FCAE   510 _g_FLBMEM	=	0xfcae
                         0000FCAF   511 _g_SCRMOD	=	0xfcaf
                         0000FCB0   512 _g_OLDSCR	=	0xfcb0
                         0000FCB1   513 _g_CASPRV	=	0xfcb1
                         0000FCB2   514 _g_BRDATR	=	0xfcb2
                         0000FCB3   515 _g_GXPOS	=	0xfcb3
                         0000FCB5   516 _g_GYPOS	=	0xfcb5
                         0000FCBB   517 _g_DRWFLG	=	0xfcbb
                         0000FCBC   518 _g_DRWSCL	=	0xfcbc
                         0000FCBD   519 _g_DRWANG	=	0xfcbd
                         0000FCC1   520 _g_MNROM	=	0xfcc1
                         0000FCC1   521 _g_EXPTBL	=	0xfcc1
                         0000FCC5   522 _g_SLTTBL	=	0xfcc5
                         0000FCC9   523 _g_SLTATR	=	0xfcc9
                         0000FD09   524 _g_SLTWRK	=	0xfd09
                         0000FD89   525 _g_PROCNM	=	0xfd89
                         0000FFE7   526 _g_RG08SAV	=	0xffe7
                         0000FFE8   527 _g_RG09SAV	=	0xffe8
                         0000FFE9   528 _g_RG10SAV	=	0xffe9
                         0000FFEA   529 _g_RG11SAV	=	0xffea
                         0000FFEB   530 _g_RG12SAV	=	0xffeb
                         0000FFEC   531 _g_RG13SAV	=	0xffec
                         0000FFED   532 _g_RG14SAV	=	0xffed
                         0000FFEE   533 _g_RG15SAV	=	0xffee
                         0000FFEF   534 _g_RG16SAV	=	0xffef
                         0000FFF0   535 _g_RG17SAV	=	0xfff0
                         0000FFF1   536 _g_RG18SAV	=	0xfff1
                         0000FFF2   537 _g_RG19SAV	=	0xfff2
                         0000FFF3   538 _g_RG20SAV	=	0xfff3
                         0000FFF4   539 _g_RG21SAV	=	0xfff4
                         0000FFF5   540 _g_RG22SAV	=	0xfff5
                         0000FFF6   541 _g_RG23SAV	=	0xfff6
                         0000FFF7   542 _g_MINROM	=	0xfff7
                         0000FFF8   543 _g_SVFFF8	=	0xfff8
                         0000FFFA   544 _g_RG25SAV	=	0xfffa
                         0000FFFB   545 _g_RG26SAV	=	0xfffb
                         0000FFFC   546 _g_RG27SAV	=	0xfffc
                         0000FFFD   547 _g_SVFFFD	=	0xfffd
                                    548 ;C:\Users\Jummy\Downloads\MSXgl-1.5.0b\engine/src/draw.c:58: void Draw_LineH(UX x1, UX x2, UY y, u8 color, u8 op)
                                    549 ;	---------------------------------
                                    550 ; Function Draw_LineH
                                    551 ; ---------------------------------
    000000C8                        552 _Draw_LineH::
    000000C8 DD E5            [15]  553 	push	ix
    000000CA DD 21 00 00      [14]  554 	ld	ix,	#0
    000000CE DD 39            [15]  555 	add	ix, sp
    000000D0 F5               [11]  556 	push	af
    000000D1 3B               [ 6]  557 	dec	sp
                                    558 ;C:\Users\Jummy\Downloads\MSXgl-1.5.0b\engine/src/draw.c:61: if (x1 > x2)
    000000D2 7B               [ 4]  559 	ld	a, e
    000000D3 95               [ 4]  560 	sub	a, l
    000000D4 7A               [ 4]  561 	ld	a, d
    000000D5 9C               [ 4]  562 	sbc	a, h
    000000D6 30 0C            [12]  563 	jr	nc, 00102$
                                    564 ;C:\Users\Jummy\Downloads\MSXgl-1.5.0b\engine/src/draw.c:63: dx = x2;
    000000D8 33               [ 6]  565 	inc	sp
    000000D9 33               [ 6]  566 	inc	sp
    000000DA D5               [11]  567 	push	de
                                    568 ;C:\Users\Jummy\Downloads\MSXgl-1.5.0b\engine/src/draw.c:64: nx = x1 - x2 + 1;
    000000DB BF               [ 4]  569 	cp	a, a
    000000DC ED 52            [15]  570 	sbc	hl, de
    000000DE 23               [ 6]  571 	inc	hl
    000000DF 4D               [ 4]  572 	ld	c, l
    000000E0 44               [ 4]  573 	ld	b, h
    000000E1 C3rEEr00         [10]  574 	jp	00103$
    000000E4                        575 00102$:
                                    576 ;C:\Users\Jummy\Downloads\MSXgl-1.5.0b\engine/src/draw.c:68: dx = x1;
    000000E4 33               [ 6]  577 	inc	sp
    000000E5 33               [ 6]  578 	inc	sp
    000000E6 E5               [11]  579 	push	hl
                                    580 ;C:\Users\Jummy\Downloads\MSXgl-1.5.0b\engine/src/draw.c:69: nx = x2 - x1 + 1;
    000000E7 7B               [ 4]  581 	ld	a, e
    000000E8 95               [ 4]  582 	sub	a, l
    000000E9 4F               [ 4]  583 	ld	c, a
    000000EA 7A               [ 4]  584 	ld	a, d
    000000EB 9C               [ 4]  585 	sbc	a, h
    000000EC 47               [ 4]  586 	ld	b, a
    000000ED 03               [ 6]  587 	inc	bc
    000000EE                        588 00103$:
                                    589 ;C:\Users\Jummy\Downloads\MSXgl-1.5.0b\engine/src/draw.c:71: VDP_CommandLMMV(dx, y, nx, 1, color, op);	
    000000EE DD 7E 06         [19]  590 	ld	a, 6 (ix)
    000000F1 DD 77 FF         [19]  591 	ld	-1 (ix), a
    000000F4 DD 5E 05         [19]  592 	ld	e, 5 (ix)
    000000F7 DD 6E 04         [19]  593 	ld	l, 4 (ix)
    000000FA 26 00            [ 7]  594 	ld	h, #0x00
                                    595 ;C:\Users\Jummy\Downloads\MSXgl-1.5.0b\engine/src/vdp_inl.h:298: g_VDP_Command.DX = dx; 
    000000FC E5               [11]  596 	push	hl
    000000FD 21r04r00         [10]  597 	ld	hl, #(_g_VDP_Command + 4)
    00000100 DD 7E FD         [19]  598 	ld	a, -3 (ix)
    00000103 77               [ 7]  599 	ld	(hl), a
    00000104 23               [ 6]  600 	inc	hl
    00000105 DD 7E FE         [19]  601 	ld	a, -2 (ix)
    00000108 77               [ 7]  602 	ld	(hl), a
    00000109 E1               [10]  603 	pop	hl
                                    604 ;C:\Users\Jummy\Downloads\MSXgl-1.5.0b\engine/src/vdp_inl.h:299: g_VDP_Command.DY = dy; 
    0000010A 22r06r00         [16]  605 	ld	((_g_VDP_Command + 6)), hl
                                    606 ;C:\Users\Jummy\Downloads\MSXgl-1.5.0b\engine/src/vdp_inl.h:300: g_VDP_Command.NX = nx; 
    0000010D ED 43r08r00      [20]  607 	ld	((_g_VDP_Command + 8)), bc
                                    608 ;C:\Users\Jummy\Downloads\MSXgl-1.5.0b\engine/src/vdp_inl.h:301: g_VDP_Command.NY = ny; 
    00000111 21 01 00         [10]  609 	ld	hl, #0x0001
    00000114 22r0Ar00         [16]  610 	ld	((_g_VDP_Command + 10)), hl
                                    611 ;C:\Users\Jummy\Downloads\MSXgl-1.5.0b\engine/src/vdp_inl.h:302: g_VDP_Command.CLR = col; 
    00000117 21r0Cr00         [10]  612 	ld	hl, #(_g_VDP_Command + 12)
    0000011A 73               [ 7]  613 	ld	(hl), e
                                    614 ;C:\Users\Jummy\Downloads\MSXgl-1.5.0b\engine/src/vdp_inl.h:303: g_VDP_Command.ARG = arg; 
    0000011B 21r0Dr00         [10]  615 	ld	hl, #_g_VDP_Command + 13
    0000011E 36 00            [10]  616 	ld	(hl), #0x00
                                    617 ;C:\Users\Jummy\Downloads\MSXgl-1.5.0b\engine/src/vdp_inl.h:304: g_VDP_Command.CMD = VDP_CMD_LMMV + op;
    00000120 DD 7E FF         [19]  618 	ld	a, -1 (ix)
    00000123 C6 80            [ 7]  619 	add	a, #0x80
    00000125 32r0Er00         [13]  620 	ld	(#(_g_VDP_Command + 14)), a
                                    621 ;C:\Users\Jummy\Downloads\MSXgl-1.5.0b\engine/src/vdp_inl.h:305: VDP_CommandSetupR36();
    00000128 CDr00r00         [17]  622 	call	_VDP_CommandSetupR36
                                    623 ;C:\Users\Jummy\Downloads\MSXgl-1.5.0b\engine/src/draw.c:71: VDP_CommandLMMV(dx, y, nx, 1, color, op);	
                                    624 ;C:\Users\Jummy\Downloads\MSXgl-1.5.0b\engine/src/draw.c:72: }
    0000012B DD F9            [10]  625 	ld	sp, ix
    0000012D DD E1            [14]  626 	pop	ix
    0000012F E1               [10]  627 	pop	hl
    00000130 F1               [10]  628 	pop	af
    00000131 33               [ 6]  629 	inc	sp
    00000132 E9               [ 4]  630 	jp	(hl)
                                    631 ;C:\Users\Jummy\Downloads\MSXgl-1.5.0b\engine/src/draw.c:76: void Draw_LineV(UX x, UY y1, UY y2, u8 color, u8 op)
                                    632 ;	---------------------------------
                                    633 ; Function Draw_LineV
                                    634 ; ---------------------------------
    00000133                        635 _Draw_LineV::
    00000133 DD E5            [15]  636 	push	ix
    00000135 DD 21 00 00      [14]  637 	ld	ix,	#0
    00000139 DD 39            [15]  638 	add	ix, sp
    0000013B FD 21 F6 FF      [14]  639 	ld	iy, #-10
    0000013F FD 39            [15]  640 	add	iy, sp
    00000141 FD F9            [10]  641 	ld	sp, iy
    00000143 DD 75 FE         [19]  642 	ld	-2 (ix), l
    00000146 DD 74 FF         [19]  643 	ld	-1 (ix), h
                                    644 ;C:\Users\Jummy\Downloads\MSXgl-1.5.0b\engine/src/draw.c:82: ny = y2 - y1 + 1;
    00000149 DD 7E 05         [19]  645 	ld	a, 5 (ix)
    0000014C DD 77 F6         [19]  646 	ld	-10 (ix), a
    0000014F DD 36 F7 00      [19]  647 	ld	-9 (ix), #0x00
    00000153 DD 7E 04         [19]  648 	ld	a, 4 (ix)
    00000156 DD 77 F8         [19]  649 	ld	-8 (ix), a
    00000159 DD 36 F9 00      [19]  650 	ld	-7 (ix), #0x00
                                    651 ;C:\Users\Jummy\Downloads\MSXgl-1.5.0b\engine/src/draw.c:79: if (y1 < y2)
    0000015D DD 7E 04         [19]  652 	ld	a, 4 (ix)
    00000160 DD 96 05         [19]  653 	sub	a, 5 (ix)
    00000163 30 33            [12]  654 	jr	nc, 00102$
                                    655 ;C:\Users\Jummy\Downloads\MSXgl-1.5.0b\engine/src/draw.c:81: dy = y1;
    00000165 DD 7E 04         [19]  656 	ld	a, 4 (ix)
    00000168 DD 77 FA         [19]  657 	ld	-6 (ix), a
    0000016B DD 36 FB 00      [19]  658 	ld	-5 (ix), #0x00
                                    659 ;C:\Users\Jummy\Downloads\MSXgl-1.5.0b\engine/src/draw.c:82: ny = y2 - y1 + 1;
    0000016F DD 7E F6         [19]  660 	ld	a, -10 (ix)
    00000172 DD 96 F8         [19]  661 	sub	a, -8 (ix)
    00000175 DD 77 FC         [19]  662 	ld	-4 (ix), a
    00000178 9F               [ 4]  663 	sbc	a, a
    00000179 DD 77 FD         [19]  664 	ld	-3 (ix), a
    0000017C DD 6E FC         [19]  665 	ld	l, -4 (ix)
    0000017F DD 66 FD         [19]  666 	ld	h, -3 (ix)
    00000182 23               [ 6]  667 	inc	hl
    00000183 DD 75 F8         [19]  668 	ld	-8 (ix), l
    00000186 DD 74 F9         [19]  669 	ld	-7 (ix), h
    00000189 DD 7E F8         [19]  670 	ld	a, -8 (ix)
    0000018C DD 77 FC         [19]  671 	ld	-4 (ix), a
    0000018F DD 7E F9         [19]  672 	ld	a, -7 (ix)
    00000192 DD 77 FD         [19]  673 	ld	-3 (ix), a
    00000195 C3rB2r01         [10]  674 	jp	00103$
    00000198                        675 00102$:
                                    676 ;C:\Users\Jummy\Downloads\MSXgl-1.5.0b\engine/src/draw.c:86: dy = y2;
    00000198 DD 7E 05         [19]  677 	ld	a, 5 (ix)
    0000019B DD 77 FA         [19]  678 	ld	-6 (ix), a
    0000019E DD 36 FB 00      [19]  679 	ld	-5 (ix), #0x00
                                    680 ;C:\Users\Jummy\Downloads\MSXgl-1.5.0b\engine/src/draw.c:87: ny = y1 - y2 + 1;
    000001A2 DD 7E F8         [19]  681 	ld	a, -8 (ix)
    000001A5 DD 96 F6         [19]  682 	sub	a, -10 (ix)
    000001A8 4F               [ 4]  683 	ld	c, a
    000001A9 9F               [ 4]  684 	sbc	a, a
    000001AA 47               [ 4]  685 	ld	b, a
    000001AB 03               [ 6]  686 	inc	bc
    000001AC DD 71 FC         [19]  687 	ld	-4 (ix), c
    000001AF DD 70 FD         [19]  688 	ld	-3 (ix), b
    000001B2                        689 00103$:
                                    690 ;C:\Users\Jummy\Downloads\MSXgl-1.5.0b\engine/src/draw.c:89: VDP_CommandLMMV(x, dy, 1, ny, color, op);	
    000001B2 DD 4E 07         [19]  691 	ld	c, 7 (ix)
    000001B5 DD 5E 06         [19]  692 	ld	e, 6 (ix)
                                    693 ;C:\Users\Jummy\Downloads\MSXgl-1.5.0b\engine/src/vdp_inl.h:298: g_VDP_Command.DX = dx; 
    000001B8 21r04r00         [10]  694 	ld	hl, #(_g_VDP_Command + 4)
    000001BB DD 7E FE         [19]  695 	ld	a, -2 (ix)
    000001BE 77               [ 7]  696 	ld	(hl), a
    000001BF 23               [ 6]  697 	inc	hl
    000001C0 DD 7E FF         [19]  698 	ld	a, -1 (ix)
    000001C3 77               [ 7]  699 	ld	(hl), a
                                    700 ;C:\Users\Jummy\Downloads\MSXgl-1.5.0b\engine/src/vdp_inl.h:299: g_VDP_Command.DY = dy; 
    000001C4 23               [ 6]  701 	inc	hl
    000001C5 DD 7E FA         [19]  702 	ld	a, -6 (ix)
    000001C8 77               [ 7]  703 	ld	(hl), a
    000001C9 23               [ 6]  704 	inc	hl
    000001CA AF               [ 4]  705 	xor	a, a
    000001CB 77               [ 7]  706 	ld	(hl), a
                                    707 ;C:\Users\Jummy\Downloads\MSXgl-1.5.0b\engine/src/vdp_inl.h:300: g_VDP_Command.NX = nx; 
    000001CC 21 01 00         [10]  708 	ld	hl, #0x0001
    000001CF 22r08r00         [16]  709 	ld	((_g_VDP_Command + 8)), hl
                                    710 ;C:\Users\Jummy\Downloads\MSXgl-1.5.0b\engine/src/vdp_inl.h:301: g_VDP_Command.NY = ny; 
    000001D2 21r0Ar00         [10]  711 	ld	hl, #(_g_VDP_Command + 10)
    000001D5 DD 7E FC         [19]  712 	ld	a, -4 (ix)
    000001D8 77               [ 7]  713 	ld	(hl), a
    000001D9 23               [ 6]  714 	inc	hl
    000001DA DD 7E FD         [19]  715 	ld	a, -3 (ix)
    000001DD 77               [ 7]  716 	ld	(hl), a
                                    717 ;C:\Users\Jummy\Downloads\MSXgl-1.5.0b\engine/src/vdp_inl.h:302: g_VDP_Command.CLR = col; 
    000001DE 23               [ 6]  718 	inc	hl
    000001DF 73               [ 7]  719 	ld	(hl), e
                                    720 ;C:\Users\Jummy\Downloads\MSXgl-1.5.0b\engine/src/vdp_inl.h:303: g_VDP_Command.ARG = arg; 
    000001E0 21r0Dr00         [10]  721 	ld	hl, #_g_VDP_Command + 13
    000001E3 36 00            [10]  722 	ld	(hl), #0x00
                                    723 ;C:\Users\Jummy\Downloads\MSXgl-1.5.0b\engine/src/vdp_inl.h:304: g_VDP_Command.CMD = VDP_CMD_LMMV + op;
    000001E5 79               [ 4]  724 	ld	a, c
    000001E6 C6 80            [ 7]  725 	add	a, #0x80
    000001E8 32r0Er00         [13]  726 	ld	(#(_g_VDP_Command + 14)), a
                                    727 ;C:\Users\Jummy\Downloads\MSXgl-1.5.0b\engine/src/vdp_inl.h:305: VDP_CommandSetupR36();
    000001EB CDr00r00         [17]  728 	call	_VDP_CommandSetupR36
                                    729 ;C:\Users\Jummy\Downloads\MSXgl-1.5.0b\engine/src/draw.c:89: VDP_CommandLMMV(x, dy, 1, ny, color, op);	
                                    730 ;C:\Users\Jummy\Downloads\MSXgl-1.5.0b\engine/src/draw.c:90: }
    000001EE DD F9            [10]  731 	ld	sp, ix
    000001F0 DD E1            [14]  732 	pop	ix
    000001F2 E1               [10]  733 	pop	hl
    000001F3 F1               [10]  734 	pop	af
    000001F4 F1               [10]  735 	pop	af
    000001F5 E9               [ 4]  736 	jp	(hl)
                                    737 ;C:\Users\Jummy\Downloads\MSXgl-1.5.0b\engine/src/draw.c:94: void Draw_Box(UX x1, UY y1, UX x2, UY y2, u8 color, u8 op)
                                    738 ;	---------------------------------
                                    739 ; Function Draw_Box
                                    740 ; ---------------------------------
    000001F6                        741 _Draw_Box::
    000001F6 DD E5            [15]  742 	push	ix
    000001F8 DD 21 00 00      [14]  743 	ld	ix,	#0
    000001FC DD 39            [15]  744 	add	ix, sp
                                    745 ;C:\Users\Jummy\Downloads\MSXgl-1.5.0b\engine/src/draw.c:96: Draw_LineH(x1, x2, y1, color, op);
    000001FE E5               [11]  746 	push	hl
    000001FF DD 56 09         [19]  747 	ld	d, 9 (ix)
    00000202 DD 5E 08         [19]  748 	ld	e, 8 (ix)
    00000205 D5               [11]  749 	push	de
    00000206 DD 7E 04         [19]  750 	ld	a, 4 (ix)
    00000209 F5               [11]  751 	push	af
    0000020A 33               [ 6]  752 	inc	sp
    0000020B DD 5E 05         [19]  753 	ld	e, 5 (ix)
    0000020E DD 56 06         [19]  754 	ld	d, 6 (ix)
    00000211 CDrC8r00         [17]  755 	call	_Draw_LineH
    00000214 E1               [10]  756 	pop	hl
                                    757 ;C:\Users\Jummy\Downloads\MSXgl-1.5.0b\engine/src/draw.c:97: Draw_LineH(x1, x2, y2, color, op);
    00000215 E5               [11]  758 	push	hl
    00000216 DD 56 09         [19]  759 	ld	d, 9 (ix)
    00000219 DD 5E 08         [19]  760 	ld	e, 8 (ix)
    0000021C D5               [11]  761 	push	de
    0000021D DD 7E 07         [19]  762 	ld	a, 7 (ix)
    00000220 F5               [11]  763 	push	af
    00000221 33               [ 6]  764 	inc	sp
    00000222 DD 5E 05         [19]  765 	ld	e, 5 (ix)
    00000225 DD 56 06         [19]  766 	ld	d, 6 (ix)
    00000228 CDrC8r00         [17]  767 	call	_Draw_LineH
    0000022B E1               [10]  768 	pop	hl
                                    769 ;C:\Users\Jummy\Downloads\MSXgl-1.5.0b\engine/src/draw.c:98: Draw_LineV(x1, y1, y2, color, op);
    0000022C DD 56 09         [19]  770 	ld	d, 9 (ix)
    0000022F DD 5E 08         [19]  771 	ld	e, 8 (ix)
    00000232 D5               [11]  772 	push	de
    00000233 DD 56 07         [19]  773 	ld	d, 7 (ix)
    00000236 DD 5E 04         [19]  774 	ld	e, 4 (ix)
    00000239 D5               [11]  775 	push	de
    0000023A CDr33r01         [17]  776 	call	_Draw_LineV
                                    777 ;C:\Users\Jummy\Downloads\MSXgl-1.5.0b\engine/src/draw.c:99: Draw_LineV(x2, y1, y2, color, op);
    0000023D DD 66 09         [19]  778 	ld	h, 9 (ix)
    00000240 DD 6E 08         [19]  779 	ld	l, 8 (ix)
    00000243 E5               [11]  780 	push	hl
    00000244 DD 66 07         [19]  781 	ld	h, 7 (ix)
    00000247 DD 6E 04         [19]  782 	ld	l, 4 (ix)
    0000024A E5               [11]  783 	push	hl
    0000024B DD 6E 05         [19]  784 	ld	l, 5 (ix)
    0000024E DD 66 06         [19]  785 	ld	h, 6 (ix)
    00000251 CDr33r01         [17]  786 	call	_Draw_LineV
                                    787 ;C:\Users\Jummy\Downloads\MSXgl-1.5.0b\engine/src/draw.c:100: }
    00000254 DD E1            [14]  788 	pop	ix
    00000256 E1               [10]  789 	pop	hl
    00000257 F1               [10]  790 	pop	af
    00000258 F1               [10]  791 	pop	af
    00000259 F1               [10]  792 	pop	af
    0000025A E9               [ 4]  793 	jp	(hl)
                                    794 ;C:\Users\Jummy\Downloads\MSXgl-1.5.0b\engine/src/draw.c:104: void Draw_FillBox(UX x1, UY y1, UX x2, UY y2, u8 color, u8 op)
                                    795 ;	---------------------------------
                                    796 ; Function Draw_FillBox
                                    797 ; ---------------------------------
    0000025B                        798 _Draw_FillBox::
    0000025B DD E5            [15]  799 	push	ix
    0000025D DD 21 00 00      [14]  800 	ld	ix,	#0
    00000261 DD 39            [15]  801 	add	ix, sp
    00000263 F5               [11]  802 	push	af
    00000264 3B               [ 6]  803 	dec	sp
    00000265 EB               [ 4]  804 	ex	de, hl
                                    805 ;C:\Users\Jummy\Downloads\MSXgl-1.5.0b\engine/src/draw.c:106: VDP_CommandLMMV(x1, y1, x2 - x1 + 1, y2 - y1 + 1, color, op);	
    00000266 DD 7E 08         [19]  806 	ld	a, 8 (ix)
    00000269 DD 77 FD         [19]  807 	ld	-3 (ix), a
    0000026C DD 6E 07         [19]  808 	ld	l, 7 (ix)
    0000026F 26 00            [ 7]  809 	ld	h, #0x00
    00000271 DD 4E 04         [19]  810 	ld	c, 4 (ix)
    00000274 06 00            [ 7]  811 	ld	b, #0x00
    00000276 BF               [ 4]  812 	cp	a, a
    00000277 ED 42            [15]  813 	sbc	hl, bc
    00000279 23               [ 6]  814 	inc	hl
    0000027A DD 7E 05         [19]  815 	ld	a, 5 (ix)
    0000027D 93               [ 4]  816 	sub	a, e
    0000027E 4F               [ 4]  817 	ld	c, a
    0000027F DD 7E 06         [19]  818 	ld	a, 6 (ix)
    00000282 9A               [ 4]  819 	sbc	a, d
    00000283 47               [ 4]  820 	ld	b, a
    00000284 03               [ 6]  821 	inc	bc
    00000285 DD 7E 04         [19]  822 	ld	a, 4 (ix)
    00000288 DD 77 FE         [19]  823 	ld	-2 (ix), a
    0000028B DD 36 FF 00      [19]  824 	ld	-1 (ix), #0x00
                                    825 ;C:\Users\Jummy\Downloads\MSXgl-1.5.0b\engine/src/vdp_inl.h:298: g_VDP_Command.DX = dx; 
    0000028F ED 53r04r00      [20]  826 	ld	((_g_VDP_Command + 4)), de
                                    827 ;C:\Users\Jummy\Downloads\MSXgl-1.5.0b\engine/src/vdp_inl.h:299: g_VDP_Command.DY = dy; 
    00000293 11r06r00         [10]  828 	ld	de, #_g_VDP_Command + 6
    00000296 DD 7E FE         [19]  829 	ld	a, -2 (ix)
    00000299 12               [ 7]  830 	ld	(de), a
    0000029A 13               [ 6]  831 	inc	de
    0000029B AF               [ 4]  832 	xor	a, a
    0000029C 12               [ 7]  833 	ld	(de), a
                                    834 ;C:\Users\Jummy\Downloads\MSXgl-1.5.0b\engine/src/vdp_inl.h:300: g_VDP_Command.NX = nx; 
    0000029D ED 43r08r00      [20]  835 	ld	((_g_VDP_Command + 8)), bc
                                    836 ;C:\Users\Jummy\Downloads\MSXgl-1.5.0b\engine/src/vdp_inl.h:301: g_VDP_Command.NY = ny; 
    000002A1 22r0Ar00         [16]  837 	ld	((_g_VDP_Command + 10)), hl
                                    838 ;C:\Users\Jummy\Downloads\MSXgl-1.5.0b\engine/src/vdp_inl.h:302: g_VDP_Command.CLR = col; 
    000002A4 21r0Cr00         [10]  839 	ld	hl, #(_g_VDP_Command + 12)
    000002A7 DD 7E FD         [19]  840 	ld	a, -3 (ix)
    000002AA 77               [ 7]  841 	ld	(hl), a
                                    842 ;C:\Users\Jummy\Downloads\MSXgl-1.5.0b\engine/src/vdp_inl.h:303: g_VDP_Command.ARG = arg; 
    000002AB 21r0Dr00         [10]  843 	ld	hl, #_g_VDP_Command + 13
    000002AE 36 00            [10]  844 	ld	(hl), #0x00
                                    845 ;C:\Users\Jummy\Downloads\MSXgl-1.5.0b\engine/src/vdp_inl.h:304: g_VDP_Command.CMD = VDP_CMD_LMMV + op;
    000002B0 DD 7E 09         [19]  846 	ld	a, 9 (ix)
    000002B3 C6 80            [ 7]  847 	add	a, #0x80
    000002B5 32r0Er00         [13]  848 	ld	(#(_g_VDP_Command + 14)), a
                                    849 ;C:\Users\Jummy\Downloads\MSXgl-1.5.0b\engine/src/vdp_inl.h:305: VDP_CommandSetupR36();
    000002B8 CDr00r00         [17]  850 	call	_VDP_CommandSetupR36
                                    851 ;C:\Users\Jummy\Downloads\MSXgl-1.5.0b\engine/src/draw.c:106: VDP_CommandLMMV(x1, y1, x2 - x1 + 1, y2 - y1 + 1, color, op);	
                                    852 ;C:\Users\Jummy\Downloads\MSXgl-1.5.0b\engine/src/draw.c:107: }
    000002BB DD F9            [10]  853 	ld	sp, ix
    000002BD DD E1            [14]  854 	pop	ix
    000002BF E1               [10]  855 	pop	hl
    000002C0 F1               [10]  856 	pop	af
    000002C1 F1               [10]  857 	pop	af
    000002C2 F1               [10]  858 	pop	af
    000002C3 E9               [ 4]  859 	jp	(hl)
                                    860 ;C:\Users\Jummy\Downloads\MSXgl-1.5.0b\engine/src/draw.c:112: void Draw_Circle(UX dx, UY dy, u8 radius, u8 color, u8 op)
                                    861 ;	---------------------------------
                                    862 ; Function Draw_Circle
                                    863 ; ---------------------------------
    000002C4                        864 _Draw_Circle::
    000002C4 DD E5            [15]  865 	push	ix
    000002C6 DD 21 00 00      [14]  866 	ld	ix,	#0
    000002CA DD 39            [15]  867 	add	ix, sp
    000002CC FD 21 F1 FF      [14]  868 	ld	iy, #-15
    000002D0 FD 39            [15]  869 	add	iy, sp
    000002D2 FD F9            [10]  870 	ld	sp, iy
    000002D4 DD 75 FB         [19]  871 	ld	-5 (ix), l
    000002D7 DD 74 FC         [19]  872 	ld	-4 (ix), h
                                    873 ;C:\Users\Jummy\Downloads\MSXgl-1.5.0b\engine/src/draw.c:114: USX x = radius;
    000002DA DD 7E 05         [19]  874 	ld	a, 5 (ix)
    000002DD DD 77 FD         [19]  875 	ld	-3 (ix), a
    000002E0 DD 36 FE 00      [19]  876 	ld	-2 (ix), #0x00
                                    877 ;C:\Users\Jummy\Downloads\MSXgl-1.5.0b\engine/src/draw.c:116: USX e = 0;
    000002E4 21 00 00         [10]  878 	ld	hl, #0x0000
    000002E7 E3               [19]  879 	ex	(sp), hl
                                    880 ;C:\Users\Jummy\Downloads\MSXgl-1.5.0b\engine/src/draw.c:118: while (1)
    000002E8 DD 36 FF 00      [19]  881 	ld	-1 (ix), #0x00
    000002EC                        882 00106$:
                                    883 ;C:\Users\Jummy\Downloads\MSXgl-1.5.0b\engine/src/draw.c:121: g_VDP_Command.DX = dx + x;
    000002EC DD 7E FD         [19]  884 	ld	a, -3 (ix)
    000002EF DD 77 F3         [19]  885 	ld	-13 (ix), a
    000002F2 DD 7E FE         [19]  886 	ld	a, -2 (ix)
    000002F5 DD 77 F4         [19]  887 	ld	-12 (ix), a
    000002F8 DD 5E F3         [19]  888 	ld	e, -13 (ix)
    000002FB DD 56 F4         [19]  889 	ld	d, -12 (ix)
    000002FE DD 6E FB         [19]  890 	ld	l, -5 (ix)
    00000301 DD 66 FC         [19]  891 	ld	h, -4 (ix)
    00000304 19               [11]  892 	add	hl, de
    00000305 DD 75 F9         [19]  893 	ld	-7 (ix), l
    00000308 DD 74 FA         [19]  894 	ld	-6 (ix), h
    0000030B 21r04r00         [10]  895 	ld	hl, #(_g_VDP_Command + 4)
    0000030E DD 7E F9         [19]  896 	ld	a, -7 (ix)
    00000311 77               [ 7]  897 	ld	(hl), a
    00000312 23               [ 6]  898 	inc	hl
    00000313 DD 7E FA         [19]  899 	ld	a, -6 (ix)
    00000316 77               [ 7]  900 	ld	(hl), a
                                    901 ;C:\Users\Jummy\Downloads\MSXgl-1.5.0b\engine/src/draw.c:122: g_VDP_Command.DY = dy + y;
    00000317 DD 7E 04         [19]  902 	ld	a, 4 (ix)
    0000031A DD 77 F5         [19]  903 	ld	-11 (ix), a
    0000031D DD 36 F6 00      [19]  904 	ld	-10 (ix), #0x00
    00000321 DD 7E FF         [19]  905 	ld	a, -1 (ix)
    00000324 DD 77 F7         [19]  906 	ld	-9 (ix), a
    00000327 07               [ 4]  907 	rlca
    00000328 9F               [ 4]  908 	sbc	a, a
    00000329 DD 77 F8         [19]  909 	ld	-8 (ix), a
    0000032C DD 5E F5         [19]  910 	ld	e, -11 (ix)
    0000032F 16 00            [ 7]  911 	ld	d, #0x00
    00000331 DD 6E F7         [19]  912 	ld	l, -9 (ix)
    00000334 DD 66 F8         [19]  913 	ld	h, -8 (ix)
    00000337 19               [11]  914 	add	hl, de
    00000338 DD 75 F9         [19]  915 	ld	-7 (ix), l
    0000033B DD 74 FA         [19]  916 	ld	-6 (ix), h
    0000033E 21r06r00         [10]  917 	ld	hl, #(_g_VDP_Command + 6)
    00000341 DD 7E F9         [19]  918 	ld	a, -7 (ix)
    00000344 77               [ 7]  919 	ld	(hl), a
    00000345 23               [ 6]  920 	inc	hl
    00000346 DD 7E FA         [19]  921 	ld	a, -6 (ix)
    00000349 77               [ 7]  922 	ld	(hl), a
                                    923 ;C:\Users\Jummy\Downloads\MSXgl-1.5.0b\engine/src/draw.c:123: g_VDP_Command.CLR = color;
    0000034A 21r0Cr00         [10]  924 	ld	hl, #(_g_VDP_Command + 12)
    0000034D DD 7E 06         [19]  925 	ld	a, 6 (ix)
    00000350 77               [ 7]  926 	ld	(hl), a
                                    927 ;C:\Users\Jummy\Downloads\MSXgl-1.5.0b\engine/src/draw.c:124: g_VDP_Command.ARG = 0;
    00000351 21r0Dr00         [10]  928 	ld	hl, #_g_VDP_Command + 13
    00000354 36 00            [10]  929 	ld	(hl), #0x00
                                    930 ;C:\Users\Jummy\Downloads\MSXgl-1.5.0b\engine/src/draw.c:125: g_VDP_Command.CMD = VDP_CMD_PSET + op;
    00000356 DD 7E 07         [19]  931 	ld	a, 7 (ix)
    00000359 C6 50            [ 7]  932 	add	a, #0x50
    0000035B 32r0Er00         [13]  933 	ld	(#(_g_VDP_Command + 14)), a
                                    934 ;C:\Users\Jummy\Downloads\MSXgl-1.5.0b\engine/src/draw.c:126: VDP_CommandSetupR36();
    0000035E CDr00r00         [17]  935 	call	_VDP_CommandSetupR36
                                    936 ;C:\Users\Jummy\Downloads\MSXgl-1.5.0b\engine/src/draw.c:128: g_VDP_Command.DY = dy - y;
    00000361 DD 7E F5         [19]  937 	ld	a, -11 (ix)
    00000364 DD 96 F7         [19]  938 	sub	a, -9 (ix)
    00000367 6F               [ 4]  939 	ld	l, a
    00000368 9F               [ 4]  940 	sbc	a, a
    00000369 DD 96 F8         [19]  941 	sub	a, -8 (ix)
    0000036C 67               [ 4]  942 	ld	h, a
    0000036D 22r06r00         [16]  943 	ld	((_g_VDP_Command + 6)), hl
                                    944 ;C:\Users\Jummy\Downloads\MSXgl-1.5.0b\engine/src/draw.c:129: VDP_CommandSetupR36();
    00000370 CDr00r00         [17]  945 	call	_VDP_CommandSetupR36
                                    946 ;C:\Users\Jummy\Downloads\MSXgl-1.5.0b\engine/src/draw.c:131: g_VDP_Command.DX = dx - x;
    00000373 DD 7E FB         [19]  947 	ld	a, -5 (ix)
    00000376 DD 96 F3         [19]  948 	sub	a, -13 (ix)
    00000379 6F               [ 4]  949 	ld	l, a
    0000037A DD 7E FC         [19]  950 	ld	a, -4 (ix)
    0000037D DD 9E F4         [19]  951 	sbc	a, -12 (ix)
    00000380 67               [ 4]  952 	ld	h, a
    00000381 22r04r00         [16]  953 	ld	((_g_VDP_Command + 4)), hl
                                    954 ;C:\Users\Jummy\Downloads\MSXgl-1.5.0b\engine/src/draw.c:132: VDP_CommandSetupR36();
    00000384 CDr00r00         [17]  955 	call	_VDP_CommandSetupR36
                                    956 ;C:\Users\Jummy\Downloads\MSXgl-1.5.0b\engine/src/draw.c:134: g_VDP_Command.DY = dy + y;
    00000387 21r06r00         [10]  957 	ld	hl, #(_g_VDP_Command + 6)
    0000038A DD 7E F9         [19]  958 	ld	a, -7 (ix)
    0000038D 77               [ 7]  959 	ld	(hl), a
    0000038E 23               [ 6]  960 	inc	hl
    0000038F DD 7E FA         [19]  961 	ld	a, -6 (ix)
    00000392 77               [ 7]  962 	ld	(hl), a
                                    963 ;C:\Users\Jummy\Downloads\MSXgl-1.5.0b\engine/src/draw.c:135: VDP_CommandSetupR36();
    00000393 CDr00r00         [17]  964 	call	_VDP_CommandSetupR36
                                    965 ;C:\Users\Jummy\Downloads\MSXgl-1.5.0b\engine/src/draw.c:137: g_VDP_Command.DX = dx + y;
    00000396 DD 4E FB         [19]  966 	ld	c, -5 (ix)
    00000399 DD 46 FC         [19]  967 	ld	b, -4 (ix)
    0000039C DD 5E F7         [19]  968 	ld	e, -9 (ix)
    0000039F DD 56 F8         [19]  969 	ld	d, -8 (ix)
    000003A2 69               [ 4]  970 	ld	l, c
    000003A3 60               [ 4]  971 	ld	h, b
    000003A4 19               [11]  972 	add	hl, de
    000003A5 22r04r00         [16]  973 	ld	((_g_VDP_Command + 4)), hl
                                    974 ;C:\Users\Jummy\Downloads\MSXgl-1.5.0b\engine/src/draw.c:138: g_VDP_Command.DY = dy + x;
    000003A8 DD 6E F5         [19]  975 	ld	l, -11 (ix)
    000003AB 26 00            [ 7]  976 	ld	h, #0x00
    000003AD DD 7E FD         [19]  977 	ld	a, -3 (ix)
    000003B0 85               [ 4]  978 	add	a, l
    000003B1 DD 77 F9         [19]  979 	ld	-7 (ix), a
    000003B4 DD 7E FE         [19]  980 	ld	a, -2 (ix)
    000003B7 8C               [ 4]  981 	adc	a, h
    000003B8 DD 77 FA         [19]  982 	ld	-6 (ix), a
    000003BB E5               [11]  983 	push	hl
    000003BC 21r06r00         [10]  984 	ld	hl, #(_g_VDP_Command + 6)
    000003BF DD 7E F9         [19]  985 	ld	a, -7 (ix)
    000003C2 77               [ 7]  986 	ld	(hl), a
    000003C3 23               [ 6]  987 	inc	hl
    000003C4 DD 7E FA         [19]  988 	ld	a, -6 (ix)
    000003C7 77               [ 7]  989 	ld	(hl), a
                                    990 ;C:\Users\Jummy\Downloads\MSXgl-1.5.0b\engine/src/draw.c:139: VDP_CommandSetupR36();
    000003C8 C5               [11]  991 	push	bc
    000003C9 D5               [11]  992 	push	de
    000003CA CDr00r00         [17]  993 	call	_VDP_CommandSetupR36
    000003CD D1               [10]  994 	pop	de
    000003CE C1               [10]  995 	pop	bc
    000003CF E1               [10]  996 	pop	hl
                                    997 ;C:\Users\Jummy\Downloads\MSXgl-1.5.0b\engine/src/draw.c:141: g_VDP_Command.DY = dy - x;
    000003D0 7D               [ 4]  998 	ld	a, l
    000003D1 DD 96 FD         [19]  999 	sub	a, -3 (ix)
    000003D4 6F               [ 4] 1000 	ld	l, a
    000003D5 9F               [ 4] 1001 	sbc	a, a
    000003D6 DD 96 FE         [19] 1002 	sub	a, -2 (ix)
    000003D9 67               [ 4] 1003 	ld	h, a
    000003DA 22r06r00         [16] 1004 	ld	((_g_VDP_Command + 6)), hl
                                   1005 ;C:\Users\Jummy\Downloads\MSXgl-1.5.0b\engine/src/draw.c:142: VDP_CommandSetupR36();
    000003DD C5               [11] 1006 	push	bc
    000003DE D5               [11] 1007 	push	de
    000003DF CDr00r00         [17] 1008 	call	_VDP_CommandSetupR36
    000003E2 D1               [10] 1009 	pop	de
    000003E3 C1               [10] 1010 	pop	bc
                                   1011 ;C:\Users\Jummy\Downloads\MSXgl-1.5.0b\engine/src/draw.c:144: g_VDP_Command.DX = dx - y;
    000003E4 79               [ 4] 1012 	ld	a, c
    000003E5 93               [ 4] 1013 	sub	a, e
    000003E6 6F               [ 4] 1014 	ld	l, a
    000003E7 78               [ 4] 1015 	ld	a, b
    000003E8 9A               [ 4] 1016 	sbc	a, d
    000003E9 67               [ 4] 1017 	ld	h, a
    000003EA 22r04r00         [16] 1018 	ld	((_g_VDP_Command + 4)), hl
                                   1019 ;C:\Users\Jummy\Downloads\MSXgl-1.5.0b\engine/src/draw.c:145: VDP_CommandSetupR36();
    000003ED CDr00r00         [17] 1020 	call	_VDP_CommandSetupR36
                                   1021 ;C:\Users\Jummy\Downloads\MSXgl-1.5.0b\engine/src/draw.c:147: g_VDP_Command.DY = dy + x;
    000003F0 21r06r00         [10] 1022 	ld	hl, #(_g_VDP_Command + 6)
    000003F3 DD 7E F9         [19] 1023 	ld	a, -7 (ix)
    000003F6 77               [ 7] 1024 	ld	(hl), a
    000003F7 23               [ 6] 1025 	inc	hl
    000003F8 DD 7E FA         [19] 1026 	ld	a, -6 (ix)
    000003FB 77               [ 7] 1027 	ld	(hl), a
                                   1028 ;C:\Users\Jummy\Downloads\MSXgl-1.5.0b\engine/src/draw.c:148: VDP_CommandSetupR36();
    000003FC CDr00r00         [17] 1029 	call	_VDP_CommandSetupR36
                                   1030 ;C:\Users\Jummy\Downloads\MSXgl-1.5.0b\engine/src/draw.c:150: if (x <= y)
    000003FF DD 7E FF         [19] 1031 	ld	a, -1 (ix)
    00000402 4F               [ 4] 1032 	ld	c, a
    00000403 07               [ 4] 1033 	rlca
    00000404 9F               [ 4] 1034 	sbc	a, a
    00000405 47               [ 4] 1035 	ld	b, a
    00000406 79               [ 4] 1036 	ld	a, c
    00000407 DD 96 FD         [19] 1037 	sub	a, -3 (ix)
    0000040A 78               [ 4] 1038 	ld	a, b
    0000040B DD 9E FE         [19] 1039 	sbc	a, -2 (ix)
    0000040E E2r13r04         [10] 1040 	jp	po, 00135$
    00000411 EE 80            [ 7] 1041 	xor	a, #0x80
    00000413                       1042 00135$:
    00000413 F2r5Br04         [10] 1043 	jp	p, 00108$
                                   1044 ;C:\Users\Jummy\Downloads\MSXgl-1.5.0b\engine/src/draw.c:152: e += (2 * y) + 1;
    00000416 DD 6E F7         [19] 1045 	ld	l, -9 (ix)
    00000419 DD 66 F8         [19] 1046 	ld	h, -8 (ix)
    0000041C 29               [11] 1047 	add	hl, hl
    0000041D 23               [ 6] 1048 	inc	hl
    0000041E C1               [10] 1049 	pop	bc
    0000041F C5               [11] 1050 	push	bc
    00000420 09               [11] 1051 	add	hl, bc
    00000421 E3               [19] 1052 	ex	(sp), hl
                                   1053 ;C:\Users\Jummy\Downloads\MSXgl-1.5.0b\engine/src/draw.c:153: y++;
    00000422 DD 34 FF         [23] 1054 	inc	-1 (ix)
                                   1055 ;C:\Users\Jummy\Downloads\MSXgl-1.5.0b\engine/src/draw.c:154: if (e > x)
    00000425 DD 7E FD         [19] 1056 	ld	a, -3 (ix)
    00000428 DD 96 F1         [19] 1057 	sub	a, -15 (ix)
    0000042B DD 7E FE         [19] 1058 	ld	a, -2 (ix)
    0000042E DD 9E F2         [19] 1059 	sbc	a, -14 (ix)
    00000431 E2r36r04         [10] 1060 	jp	po, 00136$
    00000434 EE 80            [ 7] 1061 	xor	a, #0x80
    00000436                       1062 00136$:
    00000436 F2rECr02         [10] 1063 	jp	p, 00106$
                                   1064 ;C:\Users\Jummy\Downloads\MSXgl-1.5.0b\engine/src/draw.c:156: e += 1 - (2 * x);
    00000439 DD 6E FD         [19] 1065 	ld	l, -3 (ix)
    0000043C DD 66 FE         [19] 1066 	ld	h, -2 (ix)
    0000043F 29               [11] 1067 	add	hl, hl
    00000440 3E 01            [ 7] 1068 	ld	a, #0x01
    00000442 95               [ 4] 1069 	sub	a, l
    00000443 4F               [ 4] 1070 	ld	c, a
    00000444 9F               [ 4] 1071 	sbc	a, a
    00000445 94               [ 4] 1072 	sub	a, h
    00000446 47               [ 4] 1073 	ld	b, a
    00000447 E1               [10] 1074 	pop	hl
    00000448 E5               [11] 1075 	push	hl
    00000449 09               [11] 1076 	add	hl, bc
    0000044A E3               [19] 1077 	ex	(sp), hl
                                   1078 ;C:\Users\Jummy\Downloads\MSXgl-1.5.0b\engine/src/draw.c:157: x--;
    0000044B DD 6E FD         [19] 1079 	ld	l, -3 (ix)
    0000044E DD 66 FE         [19] 1080 	ld	h, -2 (ix)
    00000451 2B               [ 6] 1081 	dec	hl
    00000452 DD 75 FD         [19] 1082 	ld	-3 (ix), l
    00000455 DD 74 FE         [19] 1083 	ld	-2 (ix), h
    00000458 C3rECr02         [10] 1084 	jp	00106$
    0000045B                       1085 00108$:
                                   1086 ;C:\Users\Jummy\Downloads\MSXgl-1.5.0b\engine/src/draw.c:160: }
    0000045B DD F9            [10] 1087 	ld	sp, ix
    0000045D DD E1            [14] 1088 	pop	ix
    0000045F E1               [10] 1089 	pop	hl
    00000460 F1               [10] 1090 	pop	af
    00000461 F1               [10] 1091 	pop	af
    00000462 E9               [ 4] 1092 	jp	(hl)
                                   1093 	.area _CODE
                                   1094 	.area _INITIALIZER
                                   1095 	.area _CABS (ABS)
