                                      1 ;--------------------------------------------------------
                                      2 ; File Created by SDCC : free open source ISO C Compiler
                                      3 ; Version 4.6.0 #16555 (MINGW64)
                                      4 ;--------------------------------------------------------
                                      5 	.module system
                                      6 	
                                      7 	.optsdcc -mz80 sdcccall(1)
                                      8 ;--------------------------------------------------------
                                      9 ; Public variables in this module
                                     10 ;--------------------------------------------------------
                                     11 	.globl _DOS_TPAUpperAddr
                                     12 	.globl _g_SLTSL
                                     13 	.globl _g_GRPACY
                                     14 	.globl _g_GRPACX
                                     15 	.globl _g_LOGOPR
                                     16 	.globl _g_CMASK
                                     17 	.globl _g_CLOC
                                     18 	.globl _g_FNKSTR
                                     19 	.globl _g_GETPNT
                                     20 	.globl _g_PUTPNT
                                     21 	.globl _g_ATRBYT
                                     22 	.globl _g_BDRCLR
                                     23 	.globl _g_BAKCLR
                                     24 	.globl _g_FORCLR
                                     25 	.globl _g_CSRX
                                     26 	.globl _g_CSRY
                                     27 	.globl _g_CLIKSW
                                     28 	.globl _g_MLTPAT
                                     29 	.globl _g_MLTATR
                                     30 	.globl _g_MLTCGP
                                     31 	.globl _g_MLTCOL
                                     32 	.globl _g_MLTNAM
                                     33 	.globl _g_GRPPAT
                                     34 	.globl _g_GRPATR
                                     35 	.globl _g_GRPCGP
                                     36 	.globl _g_GRPCOL
                                     37 	.globl _g_GRPNAM
                                     38 	.globl _g_T32PAT
                                     39 	.globl _g_T32ATR
                                     40 	.globl _g_T32CGP
                                     41 	.globl _g_T32COL
                                     42 	.globl _g_T32NAM
                                     43 	.globl _g_TXTPAT
                                     44 	.globl _g_TXTATR
                                     45 	.globl _g_TXTCGP
                                     46 	.globl _g_TXTCOL
                                     47 	.globl _g_TXTNAM
                                     48 	.globl _g_CLMLST
                                     49 	.globl _g_CRTCNT
                                     50 	.globl _g_LINLEN
                                     51 	.globl _g_LINL32
                                     52 	.globl _g_LINL40
                                     53 	.globl _g_CHAR_16
                                     54 	.globl _g_MSXMID
                                     55 	.globl _g_MSXVER
                                     56 	.globl _g_ROMVersion
                                     57 	.globl _g_BASRVN
                                     58 	.globl _g_VDP_DW
                                     59 	.globl _g_VDP_DR
                                     60 	.globl _g_CGTABL
                                     61 	.globl _g_SVFFFD
                                     62 	.globl _g_RG27SAV
                                     63 	.globl _g_RG26SAV
                                     64 	.globl _g_RG25SAV
                                     65 	.globl _g_SVFFF8
                                     66 	.globl _g_MINROM
                                     67 	.globl _g_RG23SAV
                                     68 	.globl _g_RG22SAV
                                     69 	.globl _g_RG21SAV
                                     70 	.globl _g_RG20SAV
                                     71 	.globl _g_RG19SAV
                                     72 	.globl _g_RG18SAV
                                     73 	.globl _g_RG17SAV
                                     74 	.globl _g_RG16SAV
                                     75 	.globl _g_RG15SAV
                                     76 	.globl _g_RG14SAV
                                     77 	.globl _g_RG13SAV
                                     78 	.globl _g_RG12SAV
                                     79 	.globl _g_RG11SAV
                                     80 	.globl _g_RG10SAV
                                     81 	.globl _g_RG09SAV
                                     82 	.globl _g_RG08SAV
                                     83 	.globl _g_PROCNM
                                     84 	.globl _g_SLTWRK
                                     85 	.globl _g_SLTATR
                                     86 	.globl _g_SLTTBL
                                     87 	.globl _g_EXPTBL
                                     88 	.globl _g_MNROM
                                     89 	.globl _g_DRWANG
                                     90 	.globl _g_DRWSCL
                                     91 	.globl _g_DRWFLG
                                     92 	.globl _g_GYPOS
                                     93 	.globl _g_GXPOS
                                     94 	.globl _g_BRDATR
                                     95 	.globl _g_CASPRV
                                     96 	.globl _g_OLDSCR
                                     97 	.globl _g_SCRMOD
                                     98 	.globl _g_FLBMEM
                                     99 	.globl _g_KANAMD
                                    100 	.globl _g_KANAST
                                    101 	.globl _g_CAPST
                                    102 	.globl _g_CSTYLE
                                    103 	.globl _g_CSRSW
                                    104 	.globl _g_INSFLG
                                    105 	.globl _g_ESCCNT
                                    106 	.globl _g_GRPHED
                                    107 	.globl _g_WINWID
                                    108 	.globl _g_LOWLIM
                                    109 	.globl _g_INTCNT
                                    110 	.globl _g_INTVAL
                                    111 	.globl _g_JIFFY
                                    112 	.globl _g_PADX
                                    113 	.globl _g_PADY
                                    114 	.globl _g_INTFLG
                                    115 	.globl _g_RTYCNT
                                    116 	.globl _g_TRPTBL
                                    117 	.globl _g_HIMEM
                                    118 	.globl _g_BOTTOM
                                    119 	.globl _g_PATWRK
                                    120 	.globl _g_LINWRK
                                    121 	.globl _g_KEYBUF
                                    122 	.globl _g_NEWKEY
                                    123 	.globl _g_OLDKEY
                                    124 	.globl _g_CLIKFL
                                    125 	.globl _g_ONGSBF
                                    126 	.globl _g_FNKFLG
                                    127 	.globl _g_FNKSWI
                                    128 	.globl _g_CODSAV
                                    129 	.globl _g_FSTPOS
                                    130 	.globl _g_LINTTB
                                    131 	.globl _g_BASROM
                                    132 	.globl _g_ENSTOP
                                    133 	.globl _g_VCBC
                                    134 	.globl _g_VCBB
                                    135 	.globl _g_VCBA
                                    136 	.globl _g_PLYCNT
                                    137 	.globl _g_MUSICF
                                    138 	.globl _g_QUEUEN
                                    139 	.globl _g_MCLPTR
                                    140 	.globl _g_MCLLEN
                                    141 	.globl _g_SAVVOL
                                    142 	.globl _g_VOICEN
                                    143 	.globl _g_SAVSP
                                    144 	.globl _g_PRSCNT
                                    145 	.globl _g_LSTMOD
                                    146 	.globl _g_LSTCOM
                                    147 	.globl _g_COMMSK
                                    148 	.globl _g_ESTBLS
                                    149 	.globl _g_FLAGS
                                    150 	.globl _g_ERRORS
                                    151 	.globl _g_DATCNT
                                    152 	.globl _g_DEVNUM
                                    153 	.globl _g_OLDINT
                                    154 	.globl _g_OLDSTT
                                    155 	.globl _g_MEXBIh
                                    156 	.globl _g_RSIQLN
                                    157 	.globl _g_RSFCB
                                    158 	.globl _g_TOCNT
                                    159 	.globl _g_RSTMP
                                    160 	.globl _g_YSAVE
                                    161 	.globl _g_XSAVE
                                    162 	.globl _g_NORUSE
                                    163 	.globl _g_MODE
                                    164 	.globl _g_ROMA
                                    165 	.globl _g_CHRCNT
                                    166 	.globl _g_EXBRSA
                                    167 	.globl _g_AVCSAV
                                    168 	.globl _g_ACPAGE
                                    169 	.globl _g_DPPAGE
                                    170 	.globl _g_RS2IQ
                                    171 	.globl _g_VOICCQ
                                    172 	.globl _g_VOICBQ
                                    173 	.globl _g_VOICAQ
                                    174 	.globl _g_QUEBAK
                                    175 	.globl _g_QUETAB
                                    176 	.globl _g_ASPCT2
                                    177 	.globl _g_ASPCT1
                                    178 	.globl _g_HEADER
                                    179 	.globl _g_HIGH
                                    180 	.globl _g_LOW
                                    181 	.globl _g_CS240
                                    182 	.globl _g_CS120
                                    183 	.globl _g_REPCNT
                                    184 	.globl _g_SCNCNT
                                    185 	.globl _g_FRCNEW
                                    186 	.globl _g_QUEUES
                                    187 	.globl _g_MINUPD
                                    188 	.globl _g_MAXUPD
                                    189 	.globl _g_TRGFLG
                                    190 	.globl _g_STATFL
                                    191 	.globl _g_RG7SAV
                                    192 	.globl _g_RG6SAV
                                    193 	.globl _g_RG5SAV
                                    194 	.globl _g_RG4SAV
                                    195 	.globl _g_RG3SAV
                                    196 	.globl _g_RG2SAV
                                    197 	.globl _g_RG1SAV
                                    198 	.globl _g_RG0SAV
                                    199 	.globl _g_CNSDFG
                                    200 	.globl _g_USRTAB
                                    201 	.globl _g_CLPRIM
                                    202 	.globl _g_WRPRIM
                                    203 	.globl _g_RDPRIM
                                    204 	.globl _Sys_GetPageSlot
                                    205 	.globl _Sys_SetPageSlot
                                    206 	.globl _Sys_SetPage0Slot
                                    207 	.globl _Sys_CheckSlot
                                    208 ;--------------------------------------------------------
                                    209 ; special function registers
                                    210 ;--------------------------------------------------------
                         000000A0   211 _g_PSG_RegPort	=	0x00a0
                         000000A1   212 _g_PSG_DataPort	=	0x00a1
                         000000A2   213 _g_PSG_StatPort	=	0x00a2
                         00000010   214 _g_PSG_Ext_RegPort	=	0x0010
                         00000011   215 _g_PSG_Ext_DataPort	=	0x0011
                         00000012   216 _g_PSG_Ext_StatPort	=	0x0012
                         00000090   217 _g_Printer_ControlPort	=	0x0090
                         00000091   218 _g_Printer_DataPort	=	0x0091
                         0000007C   219 _g_MSXMusic_IndexPort	=	0x007c
                         0000007D   220 _g_MSXMusic_DataPort	=	0x007d
                         00000098   221 _g_VDP_DataPort	=	0x0098
                         00000099   222 _g_VDP_RegPort	=	0x0099
                         00000099   223 _g_VDP_AddrPort	=	0x0099
                         00000099   224 _g_VDP_StatPort	=	0x0099
                         0000009A   225 _g_VDP_PalPort	=	0x009a
                         0000009B   226 _g_VDP_IRegPort	=	0x009b
                         000000A8   227 _g_PortPrimarySlot	=	0x00a8
                         000000A9   228 _g_PortReadKeyboard	=	0x00a9
                         000000AA   229 _g_PortAccessKeyboard	=	0x00aa
                         000000AB   230 _g_PortControl	=	0x00ab
                         000000B4   231 _g_RTC_AddrPort	=	0x00b4
                         000000B5   232 _g_RTC_DataPort	=	0x00b5
                         000000C0   233 _g_MSXAudio_IndexPort	=	0x00c0
                         000000C1   234 _g_MSXAudio_DataPort	=	0x00c1
                         000000C2   235 _g_MSXAudio_IndexPort2	=	0x00c2
                         000000C3   236 _g_MSXAudio_DataPort2	=	0x00c3
                         000000D8   237 _g_Kanji_Level1LowPort	=	0x00d8
                         000000D9   238 _g_Kanji_Level1HighPort	=	0x00d9
                         000000DA   239 _g_Kanji_Level2LowPort	=	0x00da
                         000000DB   240 _g_Kanji_Level2HighPort	=	0x00db
                                    241 ;--------------------------------------------------------
                                    242 ; ram data
                                    243 ;--------------------------------------------------------
                                    244 	.area _DATA
                         0000F3AE   245 _g_LINL40	=	0xf3ae
                         0000F3AF   246 _g_LINL32	=	0xf3af
                         0000F3B0   247 _g_LINLEN	=	0xf3b0
                         0000F3B1   248 _g_CRTCNT	=	0xf3b1
                         0000F3B2   249 _g_CLMLST	=	0xf3b2
                         0000F3B3   250 _g_TXTNAM	=	0xf3b3
                         0000F3B5   251 _g_TXTCOL	=	0xf3b5
                         0000F3B7   252 _g_TXTCGP	=	0xf3b7
                         0000F3B9   253 _g_TXTATR	=	0xf3b9
                         0000F3BB   254 _g_TXTPAT	=	0xf3bb
                         0000F3BD   255 _g_T32NAM	=	0xf3bd
                         0000F3BF   256 _g_T32COL	=	0xf3bf
                         0000F3C1   257 _g_T32CGP	=	0xf3c1
                         0000F3C3   258 _g_T32ATR	=	0xf3c3
                         0000F3C5   259 _g_T32PAT	=	0xf3c5
                         0000F3C7   260 _g_GRPNAM	=	0xf3c7
                         0000F3C9   261 _g_GRPCOL	=	0xf3c9
                         0000F3CB   262 _g_GRPCGP	=	0xf3cb
                         0000F3CD   263 _g_GRPATR	=	0xf3cd
                         0000F3CF   264 _g_GRPPAT	=	0xf3cf
                         0000F3D1   265 _g_MLTNAM	=	0xf3d1
                         0000F3D3   266 _g_MLTCOL	=	0xf3d3
                         0000F3D5   267 _g_MLTCGP	=	0xf3d5
                         0000F3D7   268 _g_MLTATR	=	0xf3d7
                         0000F3D9   269 _g_MLTPAT	=	0xf3d9
                         0000F3DB   270 _g_CLIKSW	=	0xf3db
                         0000F3DC   271 _g_CSRY	=	0xf3dc
                         0000F3DD   272 _g_CSRX	=	0xf3dd
                         0000F3E9   273 _g_FORCLR	=	0xf3e9
                         0000F3EA   274 _g_BAKCLR	=	0xf3ea
                         0000F3EB   275 _g_BDRCLR	=	0xf3eb
                         0000F3F2   276 _g_ATRBYT	=	0xf3f2
                         0000F3F8   277 _g_PUTPNT	=	0xf3f8
                         0000F3FA   278 _g_GETPNT	=	0xf3fa
                         0000F87F   279 _g_FNKSTR	=	0xf87f
                         0000F92A   280 _g_CLOC	=	0xf92a
                         0000F92C   281 _g_CMASK	=	0xf92c
                         0000FB02   282 _g_LOGOPR	=	0xfb02
                         0000FCB7   283 _g_GRPACX	=	0xfcb7
                         0000FCB9   284 _g_GRPACY	=	0xfcb9
                         0000FFFF   285 _g_SLTSL	=	0xffff
                         00000006   286 _DOS_TPAUpperAddr	=	0x0006
                                    287 ;--------------------------------------------------------
                                    288 ; ram data
                                    289 ;--------------------------------------------------------
                                    290 	.area _INITIALIZED
                                    291 ;--------------------------------------------------------
                                    292 ; absolute ram data
                                    293 ;--------------------------------------------------------
                                    294 	.area _DABS (ABS)
                                    295 	.area _DABS (ABS)
                                    296 ;--------------------------------------------------------
                                    297 ; global & static initialisations
                                    298 ;--------------------------------------------------------
                                    299 	.area _HOME
                                    300 	.area _GSINIT
                                    301 	.area _GSFINAL
                                    302 	.area _GSINIT
                                    303 ;--------------------------------------------------------
                                    304 ; Home
                                    305 ;--------------------------------------------------------
                                    306 	.area _HOME
                                    307 	.area _HOME
                                    308 ;--------------------------------------------------------
                                    309 ; code
                                    310 ;--------------------------------------------------------
                                    311 	.area _CODE
                                    312 ;C:\Users\Jummy\Downloads\MSXgl-1.5.0b\engine/src/system.c:12: u8 Sys_GetPageSlot(u8 page)
                                    313 ;	---------------------------------
                                    314 ; Function Sys_GetPageSlot
                                    315 ; ---------------------------------
    00000000                        316 _Sys_GetPageSlot::
                                    317 ;C:\Users\Jummy\Downloads\MSXgl-1.5.0b\engine/src/system.c:15: u8 slot = (g_PortPrimarySlot >> (page * 2)) & 0x03;
    00000000 87               [ 4]  318 	add	a, a
    00000001 5F               [ 4]  319 	ld	e, a
    00000002 43               [ 4]  320 	ld	b, e
    00000003 DB A8            [11]  321 	in	a, (_g_PortPrimarySlot)
    00000005 04               [ 4]  322 	inc	b
    00000006 C3r0Br00         [10]  323 	jp	00116$
    00000009                        324 00115$:
    00000009 CB 3F            [ 8]  325 	srl	a
    0000000B                        326 00116$:
    0000000B 10 FC            [13]  327 	djnz	00115$
    0000000D E6 03            [ 7]  328 	and	a, #0x03
    0000000F 4F               [ 4]  329 	ld	c, a
                                    330 ;C:\Users\Jummy\Downloads\MSXgl-1.5.0b\engine/src/system.c:18: if (g_EXPTBL[slot] & SLOT_EXP)
    00000010 21 C1 FC         [10]  331 	ld	hl, #_g_EXPTBL+0
    00000013 79               [ 4]  332 	ld	a, c
    00000014 85               [ 4]  333 	add	a, l
    00000015 6F               [ 4]  334 	ld	l, a
    00000016 3E 00            [ 7]  335 	ld	a, #0x00
    00000018 8C               [ 4]  336 	adc	a, h
    00000019 67               [ 4]  337 	ld	h, a
    0000001A 7E               [ 7]  338 	ld	a, (hl)
    0000001B 07               [ 4]  339 	rlca
    0000001C 30 34            [12]  340 	jr	nc, 00102$
                                    341 ;C:\Users\Jummy\Downloads\MSXgl-1.5.0b\engine/src/system.c:20: u8 prevSlot = g_PortPrimarySlot; // Backup current primary slots register
    0000001E DB A8            [11]  342 	in	a, (_g_PortPrimarySlot)
    00000020 47               [ 4]  343 	ld	b, a
                                    344 ;C:\Users\Jummy\Downloads\MSXgl-1.5.0b\engine/src/system.h:141: inline void DisableInterrupt() { __asm__("di"); }
    00000021 F3               [ 4]  345 	di
                                    346 ;C:\Users\Jummy\Downloads\MSXgl-1.5.0b\engine/src/system.c:22: g_PortPrimarySlot = (prevSlot & 0x3F) | (slot << 6); // Select primary slot in page 3
    00000022 78               [ 4]  347 	ld	a, b
    00000023 E6 3F            [ 7]  348 	and	a, #0x3f
    00000025 6F               [ 4]  349 	ld	l, a
    00000026 79               [ 4]  350 	ld	a, c
    00000027 0F               [ 4]  351 	rrca
    00000028 0F               [ 4]  352 	rrca
    00000029 E6 C0            [ 7]  353 	and	a, #0xc0
    0000002B B5               [ 4]  354 	or	a, l
    0000002C D3 A8            [11]  355 	out	(_g_PortPrimarySlot), a
                                    356 ;C:\Users\Jummy\Downloads\MSXgl-1.5.0b\engine/src/system.c:23: slot |= SLOT_EXP;
    0000002E CB F9            [ 8]  357 	set	7, c
                                    358 ;C:\Users\Jummy\Downloads\MSXgl-1.5.0b\engine/src/system.c:24: slot |= (((~g_SLTSL) >> (page * 2)) & 0x03) << 2;
    00000030 3A FF FF         [13]  359 	ld	a, (_g_SLTSL)
    00000033 6F               [ 4]  360 	ld	l, a
    00000034 26 00            [ 7]  361 	ld	h, #0x00
    00000036 7D               [ 4]  362 	ld	a, l
    00000037 2F               [ 4]  363 	cpl
    00000038 6F               [ 4]  364 	ld	l, a
    00000039 7C               [ 4]  365 	ld	a, h
    0000003A 2F               [ 4]  366 	cpl
    0000003B 67               [ 4]  367 	ld	h, a
    0000003C 1C               [ 4]  368 	inc	e
    0000003D C3r44r00         [10]  369 	jp	00119$
    00000040                        370 00118$:
    00000040 CB 2C            [ 8]  371 	sra	h
    00000042 CB 1D            [ 8]  372 	rr	l
    00000044                        373 00119$:
    00000044 1D               [ 4]  374 	dec	e
    00000045 20 F9            [12]  375 	jr	nz, 00118$
    00000047 7D               [ 4]  376 	ld	a, l
    00000048 E6 03            [ 7]  377 	and	a, #0x03
    0000004A 87               [ 4]  378 	add	a, a
    0000004B 87               [ 4]  379 	add	a, a
    0000004C B1               [ 4]  380 	or	a, c
    0000004D 4F               [ 4]  381 	ld	c, a
                                    382 ;C:\Users\Jummy\Downloads\MSXgl-1.5.0b\engine/src/system.c:25: g_PortPrimarySlot = prevSlot; // Restore primary slots register
    0000004E 78               [ 4]  383 	ld	a, b
    0000004F D3 A8            [11]  384 	out	(_g_PortPrimarySlot), a
                                    385 ;C:\Users\Jummy\Downloads\MSXgl-1.5.0b\engine/src/system.h:137: inline void EnableInterrupt() { __asm__("ei"); }
    00000051 FB               [ 4]  386 	ei
                                    387 ;C:\Users\Jummy\Downloads\MSXgl-1.5.0b\engine/src/system.c:26: EnableInterrupt();
    00000052                        388 00102$:
                                    389 ;C:\Users\Jummy\Downloads\MSXgl-1.5.0b\engine/src/system.c:28: return slot;
    00000052 79               [ 4]  390 	ld	a, c
                                    391 ;C:\Users\Jummy\Downloads\MSXgl-1.5.0b\engine/src/system.c:29: }
    00000053 C9               [10]  392 	ret
                         0000F380   393 _g_RDPRIM	=	0xf380
                         0000F385   394 _g_WRPRIM	=	0xf385
                         0000F38C   395 _g_CLPRIM	=	0xf38c
                         0000F39A   396 _g_USRTAB	=	0xf39a
                         0000F3DE   397 _g_CNSDFG	=	0xf3de
                         0000F3DF   398 _g_RG0SAV	=	0xf3df
                         0000F3E0   399 _g_RG1SAV	=	0xf3e0
                         0000F3E1   400 _g_RG2SAV	=	0xf3e1
                         0000F3E2   401 _g_RG3SAV	=	0xf3e2
                         0000F3E3   402 _g_RG4SAV	=	0xf3e3
                         0000F3E4   403 _g_RG5SAV	=	0xf3e4
                         0000F3E5   404 _g_RG6SAV	=	0xf3e5
                         0000F3E6   405 _g_RG7SAV	=	0xf3e6
                         0000F3E7   406 _g_STATFL	=	0xf3e7
                         0000F3E8   407 _g_TRGFLG	=	0xf3e8
                         0000F3EC   408 _g_MAXUPD	=	0xf3ec
                         0000F3EF   409 _g_MINUPD	=	0xf3ef
                         0000F3F3   410 _g_QUEUES	=	0xf3f3
                         0000F3F5   411 _g_FRCNEW	=	0xf3f5
                         0000F3F6   412 _g_SCNCNT	=	0xf3f6
                         0000F3F7   413 _g_REPCNT	=	0xf3f7
                         0000F3FC   414 _g_CS120	=	0xf3fc
                         0000F401   415 _g_CS240	=	0xf401
                         0000F406   416 _g_LOW	=	0xf406
                         0000F408   417 _g_HIGH	=	0xf408
                         0000F40A   418 _g_HEADER	=	0xf40a
                         0000F40B   419 _g_ASPCT1	=	0xf40b
                         0000F40D   420 _g_ASPCT2	=	0xf40d
                         0000F959   421 _g_QUETAB	=	0xf959
                         0000F971   422 _g_QUEBAK	=	0xf971
                         0000F975   423 _g_VOICAQ	=	0xf975
                         0000F9F5   424 _g_VOICBQ	=	0xf9f5
                         0000FA75   425 _g_VOICCQ	=	0xfa75
                         0000FAF5   426 _g_RS2IQ	=	0xfaf5
                         0000FAF5   427 _g_DPPAGE	=	0xfaf5
                         0000FAF6   428 _g_ACPAGE	=	0xfaf6
                         0000FAF7   429 _g_AVCSAV	=	0xfaf7
                         0000FAF8   430 _g_EXBRSA	=	0xfaf8
                         0000FAF9   431 _g_CHRCNT	=	0xfaf9
                         0000FAFA   432 _g_ROMA	=	0xfafa
                         0000FAFC   433 _g_MODE	=	0xfafc
                         0000FAFD   434 _g_NORUSE	=	0xfafd
                         0000FAFE   435 _g_XSAVE	=	0xfafe
                         0000FB00   436 _g_YSAVE	=	0xfb00
                         0000FB03   437 _g_RSTMP	=	0xfb03
                         0000FB03   438 _g_TOCNT	=	0xfb03
                         0000FB04   439 _g_RSFCB	=	0xfb04
                         0000FB06   440 _g_RSIQLN	=	0xfb06
                         0000FB07   441 _g_MEXBIh	=	0xfb07
                         0000FB0C   442 _g_OLDSTT	=	0xfb0c
                         0000FB0C   443 _g_OLDINT	=	0xfb0c
                         0000FB16   444 _g_DEVNUM	=	0xfb16
                         0000FB17   445 _g_DATCNT	=	0xfb17
                         0000FB1A   446 _g_ERRORS	=	0xfb1a
                         0000FB1B   447 _g_FLAGS	=	0xfb1b
                         0000FB1C   448 _g_ESTBLS	=	0xfb1c
                         0000FB1D   449 _g_COMMSK	=	0xfb1d
                         0000FB1E   450 _g_LSTCOM	=	0xfb1e
                         0000FB1F   451 _g_LSTMOD	=	0xfb1f
                         0000FB35   452 _g_PRSCNT	=	0xfb35
                         0000FB36   453 _g_SAVSP	=	0xfb36
                         0000FB38   454 _g_VOICEN	=	0xfb38
                         0000FB39   455 _g_SAVVOL	=	0xfb39
                         0000FB3B   456 _g_MCLLEN	=	0xfb3b
                         0000FB3C   457 _g_MCLPTR	=	0xfb3c
                         0000FB3E   458 _g_QUEUEN	=	0xfb3e
                         0000FB3F   459 _g_MUSICF	=	0xfb3f
                         0000FB40   460 _g_PLYCNT	=	0xfb40
                         0000FB41   461 _g_VCBA	=	0xfb41
                         0000FB66   462 _g_VCBB	=	0xfb66
                         0000FB8B   463 _g_VCBC	=	0xfb8b
                         0000FBB0   464 _g_ENSTOP	=	0xfbb0
                         0000FBB1   465 _g_BASROM	=	0xfbb1
                         0000FBB2   466 _g_LINTTB	=	0xfbb2
                         0000FBCA   467 _g_FSTPOS	=	0xfbca
                         0000FBCC   468 _g_CODSAV	=	0xfbcc
                         0000FBCD   469 _g_FNKSWI	=	0xfbcd
                         0000FBCE   470 _g_FNKFLG	=	0xfbce
                         0000FBD8   471 _g_ONGSBF	=	0xfbd8
                         0000FBD9   472 _g_CLIKFL	=	0xfbd9
                         0000FBDA   473 _g_OLDKEY	=	0xfbda
                         0000FBE5   474 _g_NEWKEY	=	0xfbe5
                         0000FBF0   475 _g_KEYBUF	=	0xfbf0
                         0000FC18   476 _g_LINWRK	=	0xfc18
                         0000FC40   477 _g_PATWRK	=	0xfc40
                         0000FC48   478 _g_BOTTOM	=	0xfc48
                         0000FC4A   479 _g_HIMEM	=	0xfc4a
                         0000FC4C   480 _g_TRPTBL	=	0xfc4c
                         0000FC9A   481 _g_RTYCNT	=	0xfc9a
                         0000FC9B   482 _g_INTFLG	=	0xfc9b
                         0000FC9C   483 _g_PADY	=	0xfc9c
                         0000FC9D   484 _g_PADX	=	0xfc9d
                         0000FC9E   485 _g_JIFFY	=	0xfc9e
                         0000FCA0   486 _g_INTVAL	=	0xfca0
                         0000FCA2   487 _g_INTCNT	=	0xfca2
                         0000FCA4   488 _g_LOWLIM	=	0xfca4
                         0000FCA5   489 _g_WINWID	=	0xfca5
                         0000FCA6   490 _g_GRPHED	=	0xfca6
                         0000FCA7   491 _g_ESCCNT	=	0xfca7
                         0000FCA8   492 _g_INSFLG	=	0xfca8
                         0000FCA9   493 _g_CSRSW	=	0xfca9
                         0000FCAA   494 _g_CSTYLE	=	0xfcaa
                         0000FCAB   495 _g_CAPST	=	0xfcab
                         0000FCAC   496 _g_KANAST	=	0xfcac
                         0000FCAD   497 _g_KANAMD	=	0xfcad
                         0000FCAE   498 _g_FLBMEM	=	0xfcae
                         0000FCAF   499 _g_SCRMOD	=	0xfcaf
                         0000FCB0   500 _g_OLDSCR	=	0xfcb0
                         0000FCB1   501 _g_CASPRV	=	0xfcb1
                         0000FCB2   502 _g_BRDATR	=	0xfcb2
                         0000FCB3   503 _g_GXPOS	=	0xfcb3
                         0000FCB5   504 _g_GYPOS	=	0xfcb5
                         0000FCBB   505 _g_DRWFLG	=	0xfcbb
                         0000FCBC   506 _g_DRWSCL	=	0xfcbc
                         0000FCBD   507 _g_DRWANG	=	0xfcbd
                         0000FCC1   508 _g_MNROM	=	0xfcc1
                         0000FCC1   509 _g_EXPTBL	=	0xfcc1
                         0000FCC5   510 _g_SLTTBL	=	0xfcc5
                         0000FCC9   511 _g_SLTATR	=	0xfcc9
                         0000FD09   512 _g_SLTWRK	=	0xfd09
                         0000FD89   513 _g_PROCNM	=	0xfd89
                         0000FFE7   514 _g_RG08SAV	=	0xffe7
                         0000FFE8   515 _g_RG09SAV	=	0xffe8
                         0000FFE9   516 _g_RG10SAV	=	0xffe9
                         0000FFEA   517 _g_RG11SAV	=	0xffea
                         0000FFEB   518 _g_RG12SAV	=	0xffeb
                         0000FFEC   519 _g_RG13SAV	=	0xffec
                         0000FFED   520 _g_RG14SAV	=	0xffed
                         0000FFEE   521 _g_RG15SAV	=	0xffee
                         0000FFEF   522 _g_RG16SAV	=	0xffef
                         0000FFF0   523 _g_RG17SAV	=	0xfff0
                         0000FFF1   524 _g_RG18SAV	=	0xfff1
                         0000FFF2   525 _g_RG19SAV	=	0xfff2
                         0000FFF3   526 _g_RG20SAV	=	0xfff3
                         0000FFF4   527 _g_RG21SAV	=	0xfff4
                         0000FFF5   528 _g_RG22SAV	=	0xfff5
                         0000FFF6   529 _g_RG23SAV	=	0xfff6
                         0000FFF7   530 _g_MINROM	=	0xfff7
                         0000FFF8   531 _g_SVFFF8	=	0xfff8
                         0000FFFA   532 _g_RG25SAV	=	0xfffa
                         0000FFFB   533 _g_RG26SAV	=	0xfffb
                         0000FFFC   534 _g_RG27SAV	=	0xfffc
                         0000FFFD   535 _g_SVFFFD	=	0xfffd
                         00000004   536 _g_CGTABL	=	0x0004
                         00000006   537 _g_VDP_DR	=	0x0006
                         00000007   538 _g_VDP_DW	=	0x0007
                         0000002B   539 _g_BASRVN	=	0x002b
                         0000002B   540 _g_ROMVersion	=	0x002b
                         0000002D   541 _g_MSXVER	=	0x002d
                         0000002E   542 _g_MSXMID	=	0x002e
                         00000034   543 _g_CHAR_16	=	0x0034
    00000054                        544 ___str_0:
    00000054 0A                     545 	.db 0x0a
    00000055 0D                     546 	.db 0x0d
    00000056 24                     547 	.ascii "$"
    00000057 00                     548 	.db 0x00
                                    549 ;C:\Users\Jummy\Downloads\MSXgl-1.5.0b\engine/src/system.c:33: void Sys_SetPageSlot(u8 page, u8 slotId)
                                    550 ;	---------------------------------
                                    551 ; Function Sys_SetPageSlot
                                    552 ; ---------------------------------
    00000058                        553 _Sys_SetPageSlot::
                                    554 ;C:\Users\Jummy\Downloads\MSXgl-1.5.0b\engine/src/system.c:36: slotId;
                                    555 ;C:\Users\Jummy\Downloads\MSXgl-1.5.0b\engine/src/system.c:60: }
    00000058 C9               [10]  556 	ret
                                    557 ;C:\Users\Jummy\Downloads\MSXgl-1.5.0b\engine/src/system.c:64: void Sys_SetPage0Slot(u8 slotId) __NAKED
                                    558 ;	---------------------------------
                                    559 ; Function Sys_SetPage0Slot
                                    560 ; ---------------------------------
    00000059                        561 _Sys_SetPage0Slot::
                                    562 ;C:\Users\Jummy\Downloads\MSXgl-1.5.0b\engine/src/system.c:134: __endasm;
    00000059 4F               [ 4]  563 	ld c, a
    0000005A E6 80            [ 7]  564 	and #0b10000000
    0000005C CAr90r00         [10]  565 	jp z, SetNonExpendedSlot
    0000005F                        566 SetExpendedSlot:
    0000005F 79               [ 4]  567 	ld a, c
    00000060 E6 03            [ 7]  568 	and #0b00000011
    00000062 57               [ 4]  569 	ld d, a
    00000063 0F               [ 4]  570 	rrca 
    00000064 0F               [ 4]  571 	rrca 
    00000065 E6 C0            [ 7]  572 	and a, #0xC0
    00000067 B2               [ 4]  573 	or d
    00000068 57               [ 4]  574 	ld d, a
    00000069 DB A8            [11]  575 	in a, (0xA8)
    0000006B 47               [ 4]  576 	ld b, a
    0000006C E6 3C            [ 7]  577 	and #0b00111100
    0000006E B2               [ 4]  578 	or d
    0000006F F3               [ 4]  579 	di
    00000070 D3 A8            [11]  580 	out (0xA8), a
    00000072 79               [ 4]  581 	ld a, c
    00000073 0F               [ 4]  582 	rrca 
    00000074 0F               [ 4]  583 	rrca 
    00000075 E6 3F            [ 7]  584 	and a, #0x3F
    00000077 E6 03            [ 7]  585 	and #0b00000011
    00000079 57               [ 4]  586 	ld d, a
    0000007A 3A FF FF         [13]  587 	ld a,(0xFFFF)
    0000007D 2F               [ 4]  588 	cpl
    0000007E E6 FC            [ 7]  589 	and #0b11111100
    00000080 B2               [ 4]  590 	or d
    00000081 32 FF FF         [13]  591 	ld (0xFFFF), a
    00000084 78               [ 4]  592 	ld a, b
    00000085 E6 C0            [ 7]  593 	and #0b11000000
    00000087 47               [ 4]  594 	ld b, a
    00000088 DB A8            [11]  595 	in a, (0xA8)
    0000008A E6 3F            [ 7]  596 	and #0b00111111
    0000008C B0               [ 4]  597 	or b
    0000008D D3 A8            [11]  598 	out (0xA8), a
    0000008F C9               [10]  599 	ret
    00000090                        600 SetNonExpendedSlot:
    00000090 79               [ 4]  601 	ld a, c
    00000091 E6 03            [ 7]  602 	and #0b00000011
    00000093 57               [ 4]  603 	ld d, a
    00000094 DB A8            [11]  604 	in a, (0xA8)
    00000096 47               [ 4]  605 	ld b, a
    00000097 E6 FC            [ 7]  606 	and #0b11111100
    00000099 B2               [ 4]  607 	or d
    0000009A F3               [ 4]  608 	di
    0000009B D3 A8            [11]  609 	out (0xA8), a
    0000009D C9               [10]  610 	ret
                                    611 ;C:\Users\Jummy\Downloads\MSXgl-1.5.0b\engine/src/system.c:135: }
                                    612 ;C:\Users\Jummy\Downloads\MSXgl-1.5.0b\engine/src/system.c:139: u8 Sys_CheckSlot(CheckSlotCallback cb)
                                    613 ;	---------------------------------
                                    614 ; Function Sys_CheckSlot
                                    615 ; ---------------------------------
    0000009E                        616 _Sys_CheckSlot::
    0000009E DD E5            [15]  617 	push	ix
    000000A0 DD 21 00 00      [14]  618 	ld	ix,	#0
    000000A4 DD 39            [15]  619 	add	ix, sp
    000000A6 3B               [ 6]  620 	dec	sp
                                    621 ;C:\Users\Jummy\Downloads\MSXgl-1.5.0b\engine/src/system.c:141: for (u8 slot = 0; slot < 4; ++slot)
    000000A7 01 00 00         [10]  622 	ld	bc, #0x0
    000000AA                        623 00114$:
    000000AA 78               [ 4]  624 	ld	a, b
    000000AB D6 04            [ 7]  625 	sub	a, #0x04
    000000AD 30 4D            [12]  626 	jr	nc, 00109$
                                    627 ;C:\Users\Jummy\Downloads\MSXgl-1.5.0b\engine/src/system.c:143: if (g_EXPTBL[slot] & SLOT_EXP)
    000000AF 3E C1            [ 7]  628 	ld	a, #<(_g_EXPTBL)
    000000B1 80               [ 4]  629 	add	a, b
    000000B2 5F               [ 4]  630 	ld	e, a
    000000B3 3E FC            [ 7]  631 	ld	a, #>(_g_EXPTBL)
    000000B5 CE 00            [ 7]  632 	adc	a, #0x00
    000000B7 57               [ 4]  633 	ld	d, a
    000000B8 1A               [ 7]  634 	ld	a, (de)
    000000B9 07               [ 4]  635 	rlca
    000000BA 30 2C            [12]  636 	jr	nc, 00107$
                                    637 ;C:\Users\Jummy\Downloads\MSXgl-1.5.0b\engine/src/system.c:145: for (u8 sub = 0; sub < 4; ++sub)
    000000BC 78               [ 4]  638 	ld	a, b
    000000BD E6 03            [ 7]  639 	and	a, #0x03
    000000BF DD 77 FF         [19]  640 	ld	-1 (ix), a
    000000C2 0E 00            [ 7]  641 	ld	c, #0x00
    000000C4                        642 00111$:
                                    643 ;C:\Users\Jummy\Downloads\MSXgl-1.5.0b\engine/src/system.c:147: u8 slotId = SLOTEX(slot, sub);
    000000C4 79               [ 4]  644 	ld	a, c
    000000C5 FE 04            [ 7]  645 	cp	a, #0x04
    000000C7 30 2E            [12]  646 	jr	nc, 00115$
    000000C9 E6 03            [ 7]  647 	and	a, #0x03
    000000CB 87               [ 4]  648 	add	a, a
    000000CC 87               [ 4]  649 	add	a, a
    000000CD DD B6 FF         [19]  650 	or	a, -1 (ix)
    000000D0 F6 80            [ 7]  651 	or	a, #0x80
    000000D2 5F               [ 4]  652 	ld	e, a
                                    653 ;C:\Users\Jummy\Downloads\MSXgl-1.5.0b\engine/src/system.c:148: if (cb(slotId))
    000000D3 E5               [11]  654 	push	hl
    000000D4 C5               [11]  655 	push	bc
    000000D5 D5               [11]  656 	push	de
    000000D6 7B               [ 4]  657 	ld	a, e
    000000D7 CDr00r00         [17]  658 	call	___sdcc_call_hl
    000000DA D1               [10]  659 	pop	de
    000000DB C1               [10]  660 	pop	bc
    000000DC E1               [10]  661 	pop	hl
    000000DD B7               [ 4]  662 	or	a, a
    000000DE 28 04            [12]  663 	jr	z, 00112$
                                    664 ;C:\Users\Jummy\Downloads\MSXgl-1.5.0b\engine/src/system.c:149: return slotId;
    000000E0 7B               [ 4]  665 	ld	a, e
    000000E1 C3rFEr00         [10]  666 	jp	00116$
    000000E4                        667 00112$:
                                    668 ;C:\Users\Jummy\Downloads\MSXgl-1.5.0b\engine/src/system.c:145: for (u8 sub = 0; sub < 4; ++sub)
    000000E4 0C               [ 4]  669 	inc	c
    000000E5 C3rC4r00         [10]  670 	jp	00111$
    000000E8                        671 00107$:
                                    672 ;C:\Users\Jummy\Downloads\MSXgl-1.5.0b\engine/src/system.c:152: else if (cb(slot))
    000000E8 E5               [11]  673 	push	hl
    000000E9 C5               [11]  674 	push	bc
    000000EA 78               [ 4]  675 	ld	a, b
    000000EB CDr00r00         [17]  676 	call	___sdcc_call_hl
    000000EE C1               [10]  677 	pop	bc
    000000EF E1               [10]  678 	pop	hl
    000000F0 B7               [ 4]  679 	or	a, a
    000000F1 28 04            [12]  680 	jr	z, 00115$
                                    681 ;C:\Users\Jummy\Downloads\MSXgl-1.5.0b\engine/src/system.c:153: return slot;
    000000F3 79               [ 4]  682 	ld	a, c
    000000F4 C3rFEr00         [10]  683 	jp	00116$
    000000F7                        684 00115$:
                                    685 ;C:\Users\Jummy\Downloads\MSXgl-1.5.0b\engine/src/system.c:141: for (u8 slot = 0; slot < 4; ++slot)
    000000F7 04               [ 4]  686 	inc	b
    000000F8 48               [ 4]  687 	ld	c, b
    000000F9 C3rAAr00         [10]  688 	jp	00114$
    000000FC                        689 00109$:
                                    690 ;C:\Users\Jummy\Downloads\MSXgl-1.5.0b\engine/src/system.c:155: return SLOT_NOTFOUND;
    000000FC 3E FF            [ 7]  691 	ld	a, #0xff
    000000FE                        692 00116$:
                                    693 ;C:\Users\Jummy\Downloads\MSXgl-1.5.0b\engine/src/system.c:156: }
    000000FE 33               [ 6]  694 	inc	sp
    000000FF DD E1            [14]  695 	pop	ix
    00000101 C9               [10]  696 	ret
                                    697 	.area _CODE
                                    698 	.area _INITIALIZER
                                    699 	.area _CABS (ABS)
